Component: ARM Compiler 5.06 update 6 (build 750) Tool: armlink [4d35ed]

==============================================================================

Section Cross References

    startup_stm32f103xe.o(RESET) refers to startup_stm32f103xe.o(STACK) for __initial_sp
    startup_stm32f103xe.o(RESET) refers to startup_stm32f103xe.o(.text) for Reset_Handler
    startup_stm32f103xe.o(RESET) refers to stm32f1xx_it.o(i.NMI_Handler) for NMI_Handler
    startup_stm32f103xe.o(RESET) refers to stm32f1xx_it.o(i.HardFault_Handler) for HardFault_Handler
    startup_stm32f103xe.o(RESET) refers to stm32f1xx_it.o(i.MemManage_Handler) for MemManage_Handler
    startup_stm32f103xe.o(RESET) refers to stm32f1xx_it.o(i.BusFault_Handler) for BusFault_Handler
    startup_stm32f103xe.o(RESET) refers to stm32f1xx_it.o(i.UsageFault_Handler) for UsageFault_Handler
    startup_stm32f103xe.o(RESET) refers to stm32f1xx_it.o(i.SVC_Handler) for SVC_Handler
    startup_stm32f103xe.o(RESET) refers to stm32f1xx_it.o(i.DebugMon_Handler) for DebugMon_Handler
    startup_stm32f103xe.o(RESET) refers to stm32f1xx_it.o(i.PendSV_Handler) for PendSV_Handler
    startup_stm32f103xe.o(RESET) refers to stm32f1xx_it.o(i.SysTick_Handler) for SysTick_Handler
    startup_stm32f103xe.o(RESET) refers to stm32f1xx_it.o(i.DMA1_Channel4_IRQHandler) for DMA1_Channel4_IRQHandler
    startup_stm32f103xe.o(RESET) refers to stm32f1xx_it.o(i.DMA1_Channel5_IRQHandler) for DMA1_Channel5_IRQHandler
    startup_stm32f103xe.o(RESET) refers to stm32f1xx_it.o(i.USART1_IRQHandler) for USART1_IRQHandler
    startup_stm32f103xe.o(.text) refers to system_stm32f1xx.o(i.SystemInit) for SystemInit
    startup_stm32f103xe.o(.text) refers to entry.o(.ARM.Collect$$$$00000000) for __main
    stm32f1xx_hal_flash_ex.o(i.HAL_FLASHEx_Erase) refers to stm32f1xx_hal_flash.o(i.FLASH_WaitForLastOperation) for FLASH_WaitForLastOperation
    stm32f1xx_hal_flash_ex.o(i.HAL_FLASHEx_Erase) refers to stm32f1xx_hal_flash_ex.o(i._Z15FLASH_MassErasej) for FLASH_MassErase(unsigned)
    stm32f1xx_hal_flash_ex.o(i.HAL_FLASHEx_Erase) refers to stm32f1xx_hal_flash_ex.o(i._Z15FLASH_PageErasej) for FLASH_PageErase(unsigned)
    stm32f1xx_hal_flash_ex.o(i.HAL_FLASHEx_Erase) refers to stm32f1xx_hal_flash.o(.bss) for pFlash
    stm32f1xx_hal_flash_ex.o(i.HAL_FLASHEx_Erase_IT) refers to stm32f1xx_hal_flash_ex.o(i._Z15FLASH_PageErasej) for FLASH_PageErase(unsigned)
    stm32f1xx_hal_flash_ex.o(i.HAL_FLASHEx_Erase_IT) refers to stm32f1xx_hal_flash_ex.o(i._Z15FLASH_MassErasej) for FLASH_MassErase(unsigned)
    stm32f1xx_hal_flash_ex.o(i.HAL_FLASHEx_Erase_IT) refers to stm32f1xx_hal_flash.o(.bss) for pFlash
    stm32f1xx_hal_flash_ex.o(i.HAL_FLASHEx_OBErase) refers to stm32f1xx_hal_flash_ex.o(i._Z15FLASH_OB_GetRDPv) for FLASH_OB_GetRDP()
    stm32f1xx_hal_flash_ex.o(i.HAL_FLASHEx_OBErase) refers to stm32f1xx_hal_flash.o(i.FLASH_WaitForLastOperation) for FLASH_WaitForLastOperation
    stm32f1xx_hal_flash_ex.o(i.HAL_FLASHEx_OBErase) refers to stm32f1xx_hal_flash_ex.o(i._Z24FLASH_OB_RDP_LevelConfigh) for FLASH_OB_RDP_LevelConfig(unsigned char)
    stm32f1xx_hal_flash_ex.o(i.HAL_FLASHEx_OBErase) refers to stm32f1xx_hal_flash.o(.bss) for pFlash
    stm32f1xx_hal_flash_ex.o(i.HAL_FLASHEx_OBGetConfig) refers to stm32f1xx_hal_flash_ex.o(i._Z15FLASH_OB_GetRDPv) for FLASH_OB_GetRDP()
    stm32f1xx_hal_flash_ex.o(i.HAL_FLASHEx_OBProgram) refers to stm32f1xx_hal_flash_ex.o(i._Z19FLASH_OB_DisableWRPj) for FLASH_OB_DisableWRP(unsigned)
    stm32f1xx_hal_flash_ex.o(i.HAL_FLASHEx_OBProgram) refers to stm32f1xx_hal_flash_ex.o(i._Z18FLASH_OB_EnableWRPj) for FLASH_OB_EnableWRP(unsigned)
    stm32f1xx_hal_flash_ex.o(i.HAL_FLASHEx_OBProgram) refers to stm32f1xx_hal_flash_ex.o(i._Z24FLASH_OB_RDP_LevelConfigh) for FLASH_OB_RDP_LevelConfig(unsigned char)
    stm32f1xx_hal_flash_ex.o(i.HAL_FLASHEx_OBProgram) refers to stm32f1xx_hal_flash.o(i.FLASH_WaitForLastOperation) for FLASH_WaitForLastOperation
    stm32f1xx_hal_flash_ex.o(i.HAL_FLASHEx_OBProgram) refers to stm32f1xx_hal_flash.o(.bss) for pFlash
    stm32f1xx_hal_flash_ex.o(i._Z15FLASH_MassErasej) refers to stm32f1xx_hal_flash.o(.bss) for pFlash
    stm32f1xx_hal_flash_ex.o(i._Z15FLASH_PageErasej) refers to stm32f1xx_hal_flash.o(.bss) for pFlash
    stm32f1xx_hal_flash_ex.o(i._Z18FLASH_OB_EnableWRPj) refers to stm32f1xx_hal_flash.o(i.FLASH_WaitForLastOperation) for FLASH_WaitForLastOperation
    stm32f1xx_hal_flash_ex.o(i._Z18FLASH_OB_EnableWRPj) refers to stm32f1xx_hal_flash_ex.o(i.HAL_FLASHEx_OBErase) for HAL_FLASHEx_OBErase
    stm32f1xx_hal_flash_ex.o(i._Z18FLASH_OB_EnableWRPj) refers to stm32f1xx_hal_flash.o(.bss) for pFlash
    stm32f1xx_hal_flash_ex.o(i._Z19FLASH_OB_DisableWRPj) refers to stm32f1xx_hal_flash.o(i.FLASH_WaitForLastOperation) for FLASH_WaitForLastOperation
    stm32f1xx_hal_flash_ex.o(i._Z19FLASH_OB_DisableWRPj) refers to stm32f1xx_hal_flash_ex.o(i.HAL_FLASHEx_OBErase) for HAL_FLASHEx_OBErase
[...]
    Removing stm32f1xx_hal_tim_ex.o(.ARM.exidx), (8 bytes).
    Removing stm32f1xx_hal_tim_ex.o(.ARM.exidx), (8 bytes).
    Removing stm32f1xx_hal_tim_ex.o(.ARM.exidx), (8 bytes).
    Removing stm32f1xx_hal_tim_ex.o(.ARM.exidx), (8 bytes).
    Removing stm32f1xx_hal_tim_ex.o(.ARM.exidx), (8 bytes).
    Removing stm32f1xx_hal_pwr.o(.rev16_text), (4 bytes).
    Removing stm32f1xx_hal_pwr.o(.revsh_text), (4 bytes).
    Removing stm32f1xx_hal_pwr.o(.rrx_text), (6 bytes).
    Removing stm32f1xx_hal_pwr.o(i.HAL_PWR_ConfigPVD), (124 bytes).
    Removing stm32f1xx_hal_pwr.o(i.HAL_PWR_DeInit), (24 bytes).
    Removing stm32f1xx_hal_pwr.o(i.HAL_PWR_DisableBkUpAccess), (12 bytes).
    Removing stm32f1xx_hal_pwr.o(i.HAL_PWR_DisablePVD), (12 bytes).
    Removing stm32f1xx_hal_pwr.o(i.HAL_PWR_DisableSEVOnPend), (16 bytes).
    Removing stm32f1xx_hal_pwr.o(i.HAL_PWR_DisableSleepOnExit), (16 bytes).
    Removing stm32f1xx_hal_pwr.o(i.HAL_PWR_DisableWakeUpPin), (28 bytes).
    Removing stm32f1xx_hal_pwr.o(i.HAL_PWR_EnableBkUpAccess), (12 bytes).
    Removing stm32f1xx_hal_pwr.o(i.HAL_PWR_EnablePVD), (12 bytes).
    Removing stm32f1xx_hal_pwr.o(i.HAL_PWR_EnableSEVOnPend), (16 bytes).
    Removing stm32f1xx_hal_pwr.o(i.HAL_PWR_EnableSleepOnExit), (16 bytes).
    Removing stm32f1xx_hal_pwr.o(i.HAL_PWR_EnableWakeUpPin), (28 bytes).
    Removing stm32f1xx_hal_pwr.o(i.HAL_PWR_EnterSLEEPMode), (32 bytes).
    Removing stm32f1xx_hal_pwr.o(i.HAL_PWR_EnterSTANDBYMode), (32 bytes).
    Removing stm32f1xx_hal_pwr.o(i.HAL_PWR_EnterSTOPMode), (68 bytes).
    Removing stm32f1xx_hal_pwr.o(i.HAL_PWR_PVDCallback), (2 bytes).
    Removing stm32f1xx_hal_pwr.o(i.HAL_PWR_PVD_IRQHandler), (28 bytes).
    Removing stm32f1xx_hal_pwr.o(i._Z15PWR_OverloadWfev), (6 bytes).
    Removing stm32f1xx_hal_pwr.o(.ARM.exidx), (8 bytes).
    Removing stm32f1xx_hal_pwr.o(.ARM.exidx), (8 bytes).
    Removing stm32f1xx_hal_pwr.o(.ARM.exidx), (8 bytes).
    Removing stm32f1xx_hal_pwr.o(.ARM.exidx), (8 bytes).
    Removing stm32f1xx_hal_pwr.o(.ARM.exidx), (8 bytes).
    Removing stm32f1xx_hal_pwr.o(.ARM.exidx), (8 bytes).
    Removing stm32f1xx_hal_pwr.o(.ARM.exidx), (8 bytes).
    Removing stm32f1xx_hal_pwr.o(.ARM.exidx), (8 bytes).
    Removing stm32f1xx_hal_pwr.o(.ARM.exidx), (8 bytes).
    Removing stm32f1xx_hal_pwr.o(.ARM.exidx), (8 bytes).
    Removing stm32f1xx_hal_pwr.o(.ARM.exidx), (8 bytes).
    Removing stm32f1xx_hal_pwr.o(.ARM.exidx), (8 bytes).
    Removing stm32f1xx_hal_pwr.o(.ARM.exidx), (8 bytes).
    Removing stm32f1xx_hal_pwr.o(.ARM.exidx), (8 bytes).
    Removing stm32f1xx_hal_pwr.o(.ARM.exidx), (8 bytes).
    Removing stm32f1xx_hal_pwr.o(.ARM.exidx), (8 bytes).
    Removing stm32f1xx_hal_pwr.o(.ARM.exidx), (8 bytes).
    Removing stm32f1xx_hal_pwr.o(.ARM.exidx), (8 bytes).
    Removing system_stm32f1xx.o(.rev16_text), (4 bytes).
    Removing system_stm32f1xx.o(.revsh_text), (4 bytes).
    Removing system_stm32f1xx.o(.rrx_text), (6 bytes).
    Removing system_stm32f1xx.o(i.SystemCoreClockUpdate), (104 bytes).
    Removing system_stm32f1xx.o(.ARM.exidx), (8 bytes).
    Removing system_stm32f1xx.o(.ARM.exidx), (8 bytes).
    Removing main.o(.rev16_text), (4 bytes).
    Removing main.o(.revsh_text), (4 bytes).
    Removing main.o(.rrx_text), (6 bytes).
    Removing main.o(.ARM.exidx), (8 bytes).
    Removing main.o(.ARM.exidx), (8 bytes).
    Removing main.o(.ARM.exidx), (8 bytes).
    Removing dma.o(.rev16_text), (4 bytes).
    Removing dma.o(.revsh_text), (4 bytes).
    Removing dma.o(.rrx_text), (6 bytes).
    Removing dma.o(.ARM.exidx), (8 bytes).
    Removing stm32f1xx_hal_msp.o(.rev16_text), (4 bytes).
    Removing stm32f1xx_hal_msp.o(.revsh_text), (4 bytes).
    Removing stm32f1xx_hal_msp.o(.rrx_text), (6 bytes).
    Removing stm32f1xx_hal_msp.o(.ARM.exidx), (8 bytes).
    Removing tim.o(.rev16_text), (4 bytes).
    Removing tim.o(.revsh_text), (4 bytes).
    Removing tim.o(.rrx_text), (6 bytes).
    Removing tim.o(i.HAL_TIM_Base_MspDeInit), (24 bytes).
    Removing tim.o(.ARM.exidx), (8 bytes).
    Removing tim.o(.ARM.exidx), (8 bytes).
    Removing tim.o(.ARM.exidx), (8 bytes).
    Removing stm32f1xx_it.o(.rev16_text), (4 bytes).
    Removing stm32f1xx_it.o(.revsh_text), (4 bytes).
    Removing stm32f1xx_it.o(.rrx_text), (6 bytes).
    Removing stm32f1xx_it.o(.ARM.exidx), (8 bytes).
    Removing stm32f1xx_it.o(.ARM.exidx), (8 bytes).
    Removing stm32f1xx_it.o(.ARM.exidx), (8 bytes).
    Removing stm32f1xx_it.o(.ARM.exidx), (8 bytes).
    Removing stm32f1xx_it.o(.ARM.exidx), (8 bytes).
    Removing stm32f1xx_it.o(.ARM.exidx), (8 bytes).
    Removing stm32f1xx_it.o(.ARM.exidx), (8 bytes).
    Removing stm32f1xx_it.o(.ARM.exidx), (8 bytes).
    Removing stm32f1xx_it.o(.ARM.exidx), (8 bytes).
    Removing stm32f1xx_it.o(.ARM.exidx), (8 bytes).
    Removing stm32f1xx_it.o(.ARM.exidx), (8 bytes).
    Removing stm32f1xx_it.o(.ARM.exidx), (8 bytes).
    Removing gpio.o(.rev16_text), (4 bytes).
    Removing gpio.o(.revsh_text), (4 bytes).
    Removing gpio.o(.rrx_text), (6 bytes).
    Removing gpio.o(.ARM.exidx), (8 bytes).
    Removing usart.o(.rev16_text), (4 bytes).
    Removing usart.o(.revsh_text), (4 bytes).
    Removing usart.o(.rrx_text), (6 bytes).
    Removing usart.o(i.HAL_UART_MspDeInit), (68 bytes).
    Removing usart.o(.ARM.exidx), (8 bytes).
    Removing usart.o(.ARM.exidx), (8 bytes).
    Removing usart.o(.ARM.exidx), (8 bytes).
    Removing mainpp.o(.rev16_text), (4 bytes).
    Removing mainpp.o(.revsh_text), (4 bytes).
    Removing mainpp.o(.rrx_text), (6 bytes).
    Removing mainpp.o(.ARM.exidx), (8 bytes).
    Removing mainpp.o(.ARM.exidx), (8 bytes).
    Removing mainpp.o(.ARM.exidx), (8 bytes).
    Removing mainpp.o(.ARM.exidx), (8 bytes).
    Removing mainpp.o(.ARM.exidx), (8 bytes).
    Removing mainpp.o(.ARM.exidx), (8 bytes).
    Removing time.o(i._ZN3ros4Time8fromNSecEl), (40 bytes).
    Removing time.o(i._ZN3ros4TimemIERKNS_8DurationE), (32 bytes).
    Removing time.o(i._ZN3ros4TimepLERKNS_8DurationE), (32 bytes).
    Removing time.o(.ARM.exidx), (8 bytes).
    Removing time.o(.ARM.exidx), (8 bytes).
    Removing time.o(.ARM.exidx), (8 bytes).
    Removing time.o(.ARM.exidx), (8 bytes).
    Removing mainpp.o(.ARM.exidx), (8 bytes).
    Removing mainpp.o(.ARM.exidx), (8 bytes).
    Removing mainpp.o(.ARM.exidx), (8 bytes).
    Removing mainpp.o(.ARM.exidx), (8 bytes).
    Removing mainpp.o(.ARM.exidx), (8 bytes).
    Removing mainpp.o(.ARM.exidx), (8 bytes).
    Removing mainpp.o(.ARM.exidx), (8 bytes).
    Removing mainpp.o(.ARM.exidx), (8 bytes).
    Removing mainpp.o(.ARM.exidx), (8 bytes).
    Removing mainpp.o(.ARM.exidx), (8 bytes).
    Removing mainpp.o(.constdata__ZTIN3ros11NodeHandle_I13STM32HardwareLi25ELi25ELi512ELi512EEE), (12 bytes).
    Removing mainpp.o(.constdata__ZTIN3ros10SubscriberIN8std_msgs6StringEEE), (12 bytes).
    Removing mainpp.o(.constdata__ZTIN8std_msgs4TimeE), (12 bytes).
    Removing mainpp.o(.constdata__ZTIN8std_msgs6StringE), (12 bytes).
    Removing mainpp.o(.constdata__ZTIN14rosserial_msgs9TopicInfoE), (12 bytes).
    Removing mainpp.o(.constdata__ZTIN14rosserial_msgs20RequestParamResponseE), (12 bytes).
    Removing mainpp.o(.constdata__ZTIN3ros15NodeHandleBase_E), (8 bytes).
    Removing mainpp.o(.constdata__ZTIN3ros3MsgE), (8 bytes).
    Removing mainpp.o(.constdata__ZTIN3ros11Subscriber_E), (8 bytes).
    Removing mainpp.o(.constdata__ZTSN3ros11NodeHandle_I13STM32HardwareLi25ELi25ELi512ELi512EEE), (59 bytes).
    Removing mainpp.o(.constdata__ZTSN3ros10SubscriberIN8std_msgs6StringEEE), (39 bytes).
    Removing mainpp.o(.constdata__ZTSN8std_msgs4TimeE), (17 bytes).
    Removing mainpp.o(.constdata__ZTSN8std_msgs6StringE), (19 bytes).
    Removing mainpp.o(.constdata__ZTSN14rosserial_msgs9TopicInfoE), (29 bytes).
    Removing mainpp.o(.constdata__ZTSN14rosserial_msgs20RequestParamResponseE), (41 bytes).
    Removing mainpp.o(.constdata__ZTSN3ros3MsgE), (11 bytes).
    Removing mainpp.o(.constdata__ZTSN3ros15NodeHandleBase_E), (24 bytes).
    Removing mainpp.o(.constdata__ZTSN3ros11Subscriber_E), (20 bytes).
    Removing mainpp.o(t._ZN3ros11NodeHandle_I13STM32HardwareLi25ELi25ELi512ELi512EE9connectedEv), (6 bytes).
    Removing mainpp.o(.ARM.exidx), (8 bytes).
    Removing mainpp.o(.ARM.exidx), (8 bytes).
    Removing mainpp.o(.ARM.exidx), (8 bytes).
    Removing mainpp.o(.ARM.exidx), (8 bytes).
    Removing mainpp.o(.ARM.exidx), (8 bytes).
    Removing mainpp.o(.ARM.exidx), (8 bytes).
    Removing mainpp.o(.ARM.exidx), (8 bytes).
    Removing mainpp.o(.ARM.exidx), (8 bytes).
    Removing mainpp.o(.ARM.exidx), (8 bytes).
    Removing mainpp.o(.ARM.exidx), (8 bytes).
    Removing mainpp.o(.ARM.exidx), (8 bytes).
    Removing mainpp.o(.ARM.exidx), (8 bytes).
    Removing mainpp.o(.ARM.exidx), (8 bytes).
    Removing mainpp.o(i._ZN14rosserial_msgs9TopicInfo11deserializeEPh), (160 bytes).
    Removing mainpp.o(.ARM.exidx), (8 bytes).
    Removing mainpp.o(.ARM.exidx), (8 bytes).
    Removing mainpp.o(.ARM.exidx), (8 bytes).
    Removing mainpp.o(.ARM.exidx), (8 bytes).
    Removing mainpp.o(.ARM.exidx), (8 bytes).
    Removing mainpp.o(.ARM.exidx), (8 bytes).
    Removing mainpp.o(.constdata__ZTIN14rosserial_msgs3LogE), (12 bytes).
    Removing mainpp.o(.constdata__ZTSN14rosserial_msgs3LogE), (23 bytes).
    Removing mainpp.o(.ARM.exidx), (8 bytes).
    Removing mainpp.o(i._ZN14rosserial_msgs3Log11deserializeEPh), (50 bytes).
    Removing mainpp.o(.ARM.exidx), (8 bytes).
    Removing mainpp.o(.ARM.exidx), (8 bytes).
    Removing mainpp.o(.ARM.exidx), (8 bytes).

749 unused section(s) (total 22312 bytes) removed from the image.

==============================================================================

Image Symbol Table

    Local Symbols

    Symbol Name                              Value     Ov Type        Size  Object(Section)

    ../../../edgfe/lib_src/arm_exceptions.c  0x00000000   Number         0  arm_exceptions_globs.o ABSOLUTE
    ../../../edgfe/lib_src/arm_exceptions.c  0x00000000   Number         0  arm_exceptions_support.o ABSOLUTE
    ../../../edgfe/lib_src/arm_exceptions.c  0x00000000   Number         0  arm_exceptions_terminate.o ABSOLUTE
    ../../../edgfe/lib_src/arm_exceptions.c  0x00000000   Number         0  arm_exceptions_callterm.o ABSOLUTE
    ../../../edgfe/lib_src/arm_exceptions.c  0x00000000   Number         0  arm_exceptions_mem.o ABSOLUTE
    ../../../edgfe/lib_src/arm_noexceptions.c 0x00000000   Number         0  arm_begincatch_noexceptions.o ABSOLUTE
    ../../../edgfe/lib_src/typeinfo.c        0x00000000   Number         0  lib_rtti_impl.o ABSOLUTE
    ../../../edgfe/lib_src/typeinfo.c        0x00000000   Number         0  type_info_dtor.o ABSOLUTE
    ..//Src/system_stm32f1xx.c               0x00000000   Number         0  system_stm32f1xx.o ABSOLUTE
    ../Drivers/STM32F1xx_HAL_Driver/Src/stm32f1xx_hal.c 0x00000000   Number         0  stm32f1xx_hal.o ABSOLUTE
    ../Drivers/STM32F1xx_HAL_Driver/Src/stm32f1xx_hal_cortex.c 0x00000000   Number         0  stm32f1xx_hal_cortex.o ABSOLUTE
    ../Drivers/STM32F1xx_HAL_Driver/Src/stm32f1xx_hal_dma.c 0x00000000   Number         0  stm32f1xx_hal_dma.o ABSOLUTE
    ../Drivers/STM32F1xx_HAL_Driver/Src/stm32f1xx_hal_flash.c 0x00000000   Number         0  stm32f1xx_hal_flash.o ABSOLUTE
    ../Drivers/STM32F1xx_HAL_Driver/Src/stm32f1xx_hal_flash_ex.c 0x00000000   Number         0  stm32f1xx_hal_flash_ex.o ABSOLUTE
    ../Drivers/STM32F1xx_HAL_Driver/Src/stm32f1xx_hal_gpio.c 0x00000000   Number         0  stm32f1xx_hal_gpio.o ABSOLUTE
    ../Drivers/STM32F1xx_HAL_Driver/Src/stm32f1xx_hal_gpio_ex.c 0x00000000   Number         0  stm32f1xx_hal_gpio_ex.o ABSOLUTE
    ../Drivers/STM32F1xx_HAL_Driver/Src/stm32f1xx_hal_pwr.c 0x00000000   Number         0  stm32f1xx_hal_pwr.o ABSOLUTE
    ../Drivers/STM32F1xx_HAL_Driver/Src/stm32f1xx_hal_rcc.c 0x00000000   Number         0  stm32f1xx_hal_rcc.o ABSOLUTE
    ../Drivers/STM32F1xx_HAL_Driver/Src/stm32f1xx_hal_rcc_ex.c 0x00000000   Number         0  stm32f1xx_hal_rcc_ex.o ABSOLUTE
    ../Drivers/STM32F1xx_HAL_Driver/Src/stm32f1xx_hal_tim.c 0x00000000   Number         0  stm32f1xx_hal_tim.o ABSOLUTE
    ../Drivers/STM32F1xx_HAL_Driver/Src/stm32f1xx_hal_tim_ex.c 0x00000000   Number         0  stm32f1xx_hal_tim_ex.o ABSOLUTE
    ../Drivers/STM32F1xx_HAL_Driver/Src/stm32f1xx_hal_uart.c 0x00000000   Number         0  stm32f1xx_hal_uart.o ABSOLUTE
    ../Src/dma.c                             0x00000000   Number         0  dma.o ABSOLUTE
    ../Src/gpio.c                            0x00000000   Number         0  gpio.o ABSOLUTE
    ../Src/main.c                            0x00000000   Number         0  main.o ABSOLUTE
    ../Src/stm32f1xx_hal_msp.c               0x00000000   Number         0  stm32f1xx_hal_msp.o ABSOLUTE
    ../Src/stm32f1xx_it.c                    0x00000000   Number         0  stm32f1xx_it.o ABSOLUTE
    ../Src/tim.c                             0x00000000   Number         0  tim.o ABSOLUTE
    ../Src/usart.c                           0x00000000   Number         0  usart.o ABSOLUTE
    ../clib/microlib/cpp/cpp_init.c          0x00000000   Number         0  cpp_init.o ABSOLUTE
    ../clib/microlib/cpp/cpp_init.c          0x00000000   Number         0  cpp_init.o ABSOLUTE
    ../clib/microlib/cpp/cpp_memory.c        0x00000000   Number         0  cpp_memory.o ABSOLUTE
    ../clib/microlib/init/entry.s            0x00000000   Number         0  entry11b.o ABSOLUTE
    ../clib/microlib/init/entry.s            0x00000000   Number         0  entry10b.o ABSOLUTE
    ../clib/microlib/init/entry.s            0x00000000   Number         0  entry10a.o ABSOLUTE
    ../clib/microlib/init/entry.s            0x00000000   Number         0  entry8b.o ABSOLUTE
    ../clib/microlib/init/entry.s            0x00000000   Number         0  entry8a.o ABSOLUTE
    ../clib/microlib/init/entry.s            0x00000000   Number         0  entry7b.o ABSOLUTE
    ../clib/microlib/init/entry.s            0x00000000   Number         0  entry7a.o ABSOLUTE
    ../clib/microlib/init/entry.s            0x00000000   Number         0  entry5.o ABSOLUTE
    ../clib/microlib/init/entry.s            0x00000000   Number         0  entry9b.o ABSOLUTE
    ../clib/microlib/init/entry.s            0x00000000   Number         0  entry2.o ABSOLUTE
    ../clib/microlib/init/entry.s            0x00000000   Number         0  entry11a.o ABSOLUTE
    ../clib/microlib/init/entry.s            0x00000000   Number         0  entry.o ABSOLUTE
    ../clib/microlib/init/entry.s            0x00000000   Number         0  entry9a.o ABSOLUTE
    ../clib/microlib/longlong.c              0x00000000   Number         0  llushr.o ABSOLUTE
    ../clib/microlib/malloc/malloc.c         0x00000000   Number         0  malloc.o ABSOLUTE
    ../clib/microlib/malloc/malloc.c         0x00000000   Number         0  mallocra.o ABSOLUTE
    ../clib/microlib/malloc/malloc.c         0x00000000   Number         0  mallocr.o ABSOLUTE
    ../clib/microlib/malloc/malloc.c         0x00000000   Number         0  malloca.o ABSOLUTE
    ../clib/microlib/malloc/mvars.c          0x00000000   Number         0  mvars.o ABSOLUTE
    ../clib/microlib/stdlib/abort.c          0x00000000   Number         0  abort.o ABSOLUTE
    ../clib/microlib/string/memcpy.c         0x00000000   Number         0  memcpyb.o ABSOLUTE
    ../clib/microlib/string/memcpy.c         0x00000000   Number         0  memcpya.o ABSOLUTE
    ../clib/microlib/string/strlen.c         0x00000000   Number         0  strlen.o ABSOLUTE
    ..\Drivers\STM32F1xx_HAL_Driver\Src\stm32f1xx_hal.c 0x00000000   Number         0  stm32f1xx_hal.o ABSOLUTE
    ..\Drivers\STM32F1xx_HAL_Driver\Src\stm32f1xx_hal_cortex.c 0x00000000   Number         0  stm32f1xx_hal_cortex.o ABSOLUTE
    ..\Drivers\STM32F1xx_HAL_Driver\Src\stm32f1xx_hal_dma.c 0x00000000   Number         0  stm32f1xx_hal_dma.o ABSOLUTE
    ..\Drivers\STM32F1xx_HAL_Driver\Src\stm32f1xx_hal_flash.c 0x00000000   Number         0  stm32f1xx_hal_flash.o ABSOLUTE
    ..\Drivers\STM32F1xx_HAL_Driver\Src\stm32f1xx_hal_flash_ex.c 0x00000000   Number         0  stm32f1xx_hal_flash_ex.o ABSOLUTE
    ..\Drivers\STM32F1xx_HAL_Driver\Src\stm32f1xx_hal_gpio.c 0x00000000   Number         0  stm32f1xx_hal_gpio.o ABSOLUTE
    ..\Drivers\STM32F1xx_HAL_Driver\Src\stm32f1xx_hal_gpio_ex.c 0x00000000   Number         0  stm32f1xx_hal_gpio_ex.o ABSOLUTE
    ..\Drivers\STM32F1xx_HAL_Driver\Src\stm32f1xx_hal_pwr.c 0x00000000   Number         0  stm32f1xx_hal_pwr.o ABSOLUTE
    ..\Drivers\STM32F1xx_HAL_Driver\Src\stm32f1xx_hal_rcc.c 0x00000000   Number         0  stm32f1xx_hal_rcc.o ABSOLUTE
    ..\Drivers\STM32F1xx_HAL_Driver\Src\stm32f1xx_hal_rcc_ex.c 0x00000000   Number         0  stm32f1xx_hal_rcc_ex.o ABSOLUTE
    ..\Drivers\STM32F1xx_HAL_Driver\Src\stm32f1xx_hal_tim.c 0x00000000   Number         0  stm32f1xx_hal_tim.o ABSOLUTE
    ..\Drivers\STM32F1xx_HAL_Driver\Src\stm32f1xx_hal_tim_ex.c 0x00000000   Number         0  stm32f1xx_hal_tim_ex.o ABSOLUTE
    ..\Drivers\STM32F1xx_HAL_Driver\Src\stm32f1xx_hal_uart.c 0x00000000   Number         0  stm32f1xx_hal_uart.o ABSOLUTE
    ..\RosLibs\time.cpp                      0x00000000   Number         0  time.o ABSOLUTE
    ..\Src\dma.c                             0x00000000   Number         0  dma.o ABSOLUTE
    ..\Src\gpio.c                            0x00000000   Number         0  gpio.o ABSOLUTE
    ..\Src\main.c                            0x00000000   Number         0  main.o ABSOLUTE
    ..\Src\stm32f1xx_hal_msp.c               0x00000000   Number         0  stm32f1xx_hal_msp.o ABSOLUTE
    ..\Src\stm32f1xx_it.c                    0x00000000   Number         0  stm32f1xx_it.o ABSOLUTE
    ..\Src\tim.c                             0x00000000   Number         0  tim.o ABSOLUTE
    ..\Src\usart.c                           0x00000000   Number         0  usart.o ABSOLUTE
    ..\\Src\system_stm32f1xx.c               0x00000000   Number         0  system_stm32f1xx.o ABSOLUTE
    dc.s                                     0x00000000   Number         0  dc.o ABSOLUTE
    handlers.s                               0x00000000   Number         0  handlers.o ABSOLUTE
    init.s                                   0x00000000   Number         0  init.o ABSOLUTE
    mainpp.cpp                               0x00000000   Number         0  mainpp.o ABSOLUTE
    mainpp.cpp                               0x00000000   Number         0  mainpp.o ABSOLUTE
    startup_stm32f103xe.s                    0x00000000   Number         0  startup_stm32f103xe.o ABSOLUTE
    RESET                                    0x08000000   Section      304  startup_stm32f103xe.o(RESET)
    .ARM.Collect$$$$00000000                 0x08000130   Section        0  entry.o(.ARM.Collect$$$$00000000)
    .ARM.Collect$$$$00000001                 0x08000130   Section        4  entry2.o(.ARM.Collect$$$$00000001)
    .ARM.Collect$$$$00000004                 0x08000134   Section        4  entry5.o(.ARM.Collect$$$$00000004)
    .ARM.Collect$$$$00000008                 0x08000138   Section        0  entry7b.o(.ARM.Collect$$$$00000008)
    .ARM.Collect$$$$00000009                 0x08000138   Section        4  entry8a.o(.ARM.Collect$$$$00000009)
    .ARM.Collect$$$$0000000A                 0x0800013c   Section        0  entry8b.o(.ARM.Collect$$$$0000000A)
    .ARM.Collect$$$$0000000B                 0x0800013c   Section        8  entry9a.o(.ARM.Collect$$$$0000000B)
    .ARM.Collect$$$$0000000D                 0x08000144   Section        0  entry10a.o(.ARM.Collect$$$$0000000D)
    .ARM.Collect$$$$0000000F                 0x08000144   Section        0  entry11a.o(.ARM.Collect$$$$0000000F)
    .ARM.Collect$$$$00002712                 0x08000144   Section        4  entry2.o(.ARM.Collect$$$$00002712)
    __lit__00000000                          0x08000144   Data           4  entry2.o(.ARM.Collect$$$$00002712)
    .text                                    0x08000148   Section       36  startup_stm32f103xe.o(.text)
    .text                                    0x0800016c   Section        0  memcpya.o(.text)
    .text                                    0x08000190   Section        0  strlen.o(.text)
    .text                                    0x080001a0   Section        0  cpp_init.o(.text)
    .text                                    0x080001c0   Section       36  init.o(.text)
    i.BusFault_Handler                       0x080001e4   Section        0  stm32f1xx_it.o(i.BusFault_Handler)
    i.DMA1_Channel4_IRQHandler               0x080001e8   Section        0  stm32f1xx_it.o(i.DMA1_Channel4_IRQHandler)
    i.DMA1_Channel5_IRQHandler               0x080001f4   Section        0  stm32f1xx_it.o(i.DMA1_Channel5_IRQHandler)
    i.DebugMon_Handler                       0x08000200   Section        0  stm32f1xx_it.o(i.DebugMon_Handler)
    i.HAL_DMA_Abort_IT                       0x08000204   Section        0  stm32f1xx_hal_dma.o(i.HAL_DMA_Abort_IT)
    i.HAL_DMA_IRQHandler                     0x08000334   Section        0  stm32f1xx_hal_dma.o(i.HAL_DMA_IRQHandler)
    i.HAL_DMA_Init                           0x0800057c   Section        0  stm32f1xx_hal_dma.o(i.HAL_DMA_Init)
    i.HAL_DMA_Start_IT                       0x08000600   Section        0  stm32f1xx_hal_dma.o(i.HAL_DMA_Start_IT)
    i.HAL_Delay                              0x08000670   Section        0  stm32f1xx_hal.o(i.HAL_Delay)
    i.HAL_GPIO_Init                          0x08000694   Section        0  stm32f1xx_hal_gpio.o(i.HAL_GPIO_Init)
    i.HAL_GetTick                            0x0800087c   Section        0  stm32f1xx_hal.o(i.HAL_GetTick)
    i.HAL_IncTick                            0x08000888   Section        0  stm32f1xx_hal.o(i.HAL_IncTick)
    i.HAL_Init                               0x08000898   Section        0  stm32f1xx_hal.o(i.HAL_Init)
    i.HAL_InitTick                           0x080008bc   Section        0  stm32f1xx_hal.o(i.HAL_InitTick)
    i.HAL_MspInit                            0x080008fc   Section        0  stm32f1xx_hal_msp.o(i.HAL_MspInit)
    i.HAL_NVIC_EnableIRQ                     0x0800097c   Section        0  stm32f1xx_hal_cortex.o(i.HAL_NVIC_EnableIRQ)
    i.HAL_NVIC_SetPriority                   0x08000994   Section        0  stm32f1xx_hal_cortex.o(i.HAL_NVIC_SetPriority)
    i.HAL_NVIC_SetPriorityGrouping           0x080009d4   Section        0  stm32f1xx_hal_cortex.o(i.HAL_NVIC_SetPriorityGrouping)
    i.HAL_RCC_ClockConfig                    0x080009f8   Section        0  stm32f1xx_hal_rcc.o(i.HAL_RCC_ClockConfig)
    i.HAL_RCC_GetHCLKFreq                    0x08000b4c   Section        0  stm32f1xx_hal_rcc.o(i.HAL_RCC_GetHCLKFreq)
    i.HAL_RCC_GetPCLK1Freq                   0x08000b58   Section        0  stm32f1xx_hal_rcc.o(i.HAL_RCC_GetPCLK1Freq)
    i.HAL_RCC_GetPCLK2Freq                   0x08000b78   Section        0  stm32f1xx_hal_rcc.o(i.HAL_RCC_GetPCLK2Freq)
    i.HAL_RCC_GetSysClockFreq                0x08000b98   Section        0  stm32f1xx_hal_rcc.o(i.HAL_RCC_GetSysClockFreq)
    i.HAL_RCC_OscConfig                      0x08000c04   Section        0  stm32f1xx_hal_rcc.o(i.HAL_RCC_OscConfig)
    i.HAL_SYSTICK_CLKSourceConfig            0x08000f08   Section        0  stm32f1xx_hal_cortex.o(i.HAL_SYSTICK_CLKSourceConfig)
    i.HAL_SYSTICK_Callback                   0x08000f20   Section        0  stm32f1xx_hal_cortex.o(i.HAL_SYSTICK_Callback)
    i.HAL_SYSTICK_Config                     0x08000f22   Section        0  stm32f1xx_hal_cortex.o(i.HAL_SYSTICK_Config)
    i.HAL_SYSTICK_IRQHandler                 0x08000f4a   Section        0  stm32f1xx_hal_cortex.o(i.HAL_SYSTICK_IRQHandler)
    i.HAL_TIMEx_MasterConfigSynchronization  0x08000f52   Section        0  stm32f1xx_hal_tim_ex.o(i.HAL_TIMEx_MasterConfigSynchronization)
    i.HAL_TIM_Base_Init                      0x08000fa2   Section        0  stm32f1xx_hal_tim.o(i.HAL_TIM_Base_Init)
    i.HAL_TIM_Base_MspInit                   0x08000fd8   Section        0  tim.o(i.HAL_TIM_Base_MspInit)
    i.HAL_TIM_Base_Start                     0x08000ffc   Section        0  stm32f1xx_hal_tim.o(i.HAL_TIM_Base_Start)
    i.HAL_TIM_ConfigClockSource              0x08001016   Section        0  stm32f1xx_hal_tim.o(i.HAL_TIM_ConfigClockSource)
    i.HAL_UART_ErrorCallback                 0x08001108   Section        0  stm32f1xx_hal_uart.o(i.HAL_UART_ErrorCallback)
    i.HAL_UART_IRQHandler                    0x0800110c   Section        0  stm32f1xx_hal_uart.o(i.HAL_UART_IRQHandler)
    i.HAL_UART_Init                          0x0800121c   Section        0  stm32f1xx_hal_uart.o(i.HAL_UART_Init)
    i.HAL_UART_MspInit                       0x08001280   Section        0  usart.o(i.HAL_UART_MspInit)
    i.HAL_UART_Receive_DMA                   0x08001368   Section        0  stm32f1xx_hal_uart.o(i.HAL_UART_Receive_DMA)
    i.HAL_UART_RxCpltCallback                0x08001400   Section        0  mainpp.o(i.HAL_UART_RxCpltCallback)
    i.HAL_UART_RxHalfCpltCallback            0x0800140c   Section        0  stm32f1xx_hal_uart.o(i.HAL_UART_RxHalfCpltCallback)
    i.HAL_UART_Transmit_DMA                  0x08001410   Section        0  stm32f1xx_hal_uart.o(i.HAL_UART_Transmit_DMA)
    i.HAL_UART_TxCpltCallback                0x08001490   Section        0  mainpp.o(i.HAL_UART_TxCpltCallback)
    i.HAL_UART_TxHalfCpltCallback            0x0800149c   Section        0  stm32f1xx_hal_uart.o(i.HAL_UART_TxHalfCpltCallback)
    i.HardFault_Handler                      0x0800149e   Section        0  stm32f1xx_it.o(i.HardFault_Handler)
    i.MX_DMA_Init                            0x080014a0   Section        0  dma.o(i.MX_DMA_Init)
    i.MX_GPIO_Init                           0x080014dc   Section        0  gpio.o(i.MX_GPIO_Init)
    i.MX_TIM2_Init                           0x080014f8   Section        0  tim.o(i.MX_TIM2_Init)
    i.MX_USART1_UART_Init                    0x08001568   Section        0  usart.o(i.MX_USART1_UART_Init)
    i.MemManage_Handler                      0x080015b4   Section        0  stm32f1xx_it.o(i.MemManage_Handler)
    i.NMI_Handler                            0x080015b6   Section        0  stm32f1xx_it.o(i.NMI_Handler)
    i.PendSV_Handler                         0x080015b8   Section        0  stm32f1xx_it.o(i.PendSV_Handler)
    i.SVC_Handler                            0x080015ba   Section        0  stm32f1xx_it.o(i.SVC_Handler)
    i.SysTick_Handler                        0x080015bc   Section        0  stm32f1xx_it.o(i.SysTick_Handler)
    i.SystemInit                             0x080015cc   Section        0  system_stm32f1xx.o(i.SystemInit)
    i.TIM_Base_SetConfig                     0x08001614   Section        0  stm32f1xx_hal_tim.o(i.TIM_Base_SetConfig)
    i.USART1_IRQHandler                      0x080016a0   Section        0  stm32f1xx_it.o(i.USART1_IRQHandler)
    i.UsageFault_Handler                     0x080016ac   Section        0  stm32f1xx_it.o(i.UsageFault_Handler)
    i._Error_Handler                         0x080016ae   Section        0  main.o(i._Error_Handler)
    i._Z13DMA_SetConfigP19__DMA_HandleTypeDefjjj 0x080016b0   Section        0  stm32f1xx_hal_dma.o(i._Z13DMA_SetConfigP19__DMA_HandleTypeDefjjj)
    DMA_SetConfig(__DMA_HandleTypeDef*, unsigned, unsigned, unsigned) 0x080016b1   Thumb Code    42  stm32f1xx_hal_dma.o(i._Z13DMA_SetConfigP19__DMA_HandleTypeDefjjj)
    i._Z13UART_DMAErrorP19__DMA_HandleTypeDef 0x080016da   Section        0  stm32f1xx_hal_uart.o(i._Z13UART_DMAErrorP19__DMA_HandleTypeDef)
    UART_DMAError(__DMA_HandleTypeDef*)      0x080016db   Thumb Code    74  stm32f1xx_hal_uart.o(i._Z13UART_DMAErrorP19__DMA_HandleTypeDef)
    i._Z14UART_SetConfigP18UART_HandleTypeDef 0x08001724   Section        0  stm32f1xx_hal_uart.o(i._Z14UART_SetConfigP18UART_HandleTypeDef)
    UART_SetConfig(UART_HandleTypeDef*)      0x08001725   Thumb Code   364  stm32f1xx_hal_uart.o(i._Z14UART_SetConfigP18UART_HandleTypeDef)
    i._Z15UART_Receive_ITP18UART_HandleTypeDef 0x08001894   Section        0  stm32f1xx_hal_uart.o(i._Z15UART_Receive_ITP18UART_HandleTypeDef)
    UART_Receive_IT(UART_HandleTypeDef*)     0x08001895   Thumb Code   150  stm32f1xx_hal_uart.o(i._Z15UART_Receive_ITP18UART_HandleTypeDef)
    i._Z16NVIC_SetPriority9IRQn_Typej        0x0800192a   Section        0  stm32f1xx_hal_cortex.o(i._Z16NVIC_SetPriority9IRQn_Typej)
    NVIC_SetPriority(IRQn_Type, unsigned)    0x0800192b   Thumb Code    32  stm32f1xx_hal_cortex.o(i._Z16NVIC_SetPriority9IRQn_Typej)
    i._Z16UART_Transmit_ITP18UART_HandleTypeDef 0x0800194a   Section        0  stm32f1xx_hal_uart.o(i._Z16UART_Transmit_ITP18UART_HandleTypeDef)
    UART_Transmit_IT(UART_HandleTypeDef*)    0x0800194b   Thumb Code    98  stm32f1xx_hal_uart.o(i._Z16UART_Transmit_ITP18UART_HandleTypeDef)
    i._Z16command_callbackRKN8std_msgs6StringE 0x080019ac   Section        0  mainpp.o(i._Z16command_callbackRKN8std_msgs6StringE)
    i._Z17TIM_ETR_SetConfigP11TIM_TypeDefjjj 0x080019c8   Section        0  stm32f1xx_hal_tim.o(i._Z17TIM_ETR_SetConfigP11TIM_TypeDefjjj)
    TIM_ETR_SetConfig(TIM_TypeDef*, unsigned, unsigned, unsigned) 0x080019c9   Thumb Code    20  stm32f1xx_hal_tim.o(i._Z17TIM_ETR_SetConfigP11TIM_TypeDefjjj)
    i._Z18SystemClock_Configv                0x080019dc   Section        0  main.o(i._Z18SystemClock_Configv)
    i._Z18TIM_ITRx_SetConfigP11TIM_TypeDeft  0x08001a42   Section        0  stm32f1xx_hal_tim.o(i._Z18TIM_ITRx_SetConfigP11TIM_TypeDeft)
    TIM_ITRx_SetConfig(TIM_TypeDef*, unsigned short) 0x08001a43   Thumb Code    16  stm32f1xx_hal_tim.o(i._Z18TIM_ITRx_SetConfigP11TIM_TypeDeft)
    i._Z18UART_DMARxHalfCpltP19__DMA_HandleTypeDef 0x08001a52   Section        0  stm32f1xx_hal_uart.o(i._Z18UART_DMARxHalfCpltP19__DMA_HandleTypeDef)
    UART_DMARxHalfCplt(__DMA_HandleTypeDef*) 0x08001a53   Thumb Code    10  stm32f1xx_hal_uart.o(i._Z18UART_DMARxHalfCpltP19__DMA_HandleTypeDef)
    i._Z18UART_DMATxHalfCpltP19__DMA_HandleTypeDef 0x08001a5c   Section        0  stm32f1xx_hal_uart.o(i._Z18UART_DMATxHalfCpltP19__DMA_HandleTypeDef)
    UART_DMATxHalfCplt(__DMA_HandleTypeDef*) 0x08001a5d   Thumb Code    10  stm32f1xx_hal_uart.o(i._Z18UART_DMATxHalfCpltP19__DMA_HandleTypeDef)
    i._Z18UART_EndRxTransferP18UART_HandleTypeDef 0x08001a66   Section        0  stm32f1xx_hal_uart.o(i._Z18UART_EndRxTransferP18UART_HandleTypeDef)
    UART_EndRxTransfer(UART_HandleTypeDef*)  0x08001a67   Thumb Code    28  stm32f1xx_hal_uart.o(i._Z18UART_EndRxTransferP18UART_HandleTypeDef)
    i._Z18UART_EndTxTransferP18UART_HandleTypeDef 0x08001a82   Section        0  stm32f1xx_hal_uart.o(i._Z18UART_EndTxTransferP18UART_HandleTypeDef)
    UART_EndTxTransfer(UART_HandleTypeDef*)  0x08001a83   Thumb Code    18  stm32f1xx_hal_uart.o(i._Z18UART_EndTxTransferP18UART_HandleTypeDef)
    i._Z19UART_DMAReceiveCpltP19__DMA_HandleTypeDef 0x08001a94   Section        0  stm32f1xx_hal_uart.o(i._Z19UART_DMAReceiveCpltP19__DMA_HandleTypeDef)
    UART_DMAReceiveCplt(__DMA_HandleTypeDef*) 0x08001a95   Thumb Code    60  stm32f1xx_hal_uart.o(i._Z19UART_DMAReceiveCpltP19__DMA_HandleTypeDef)
    i._Z20UART_DMAAbortOnErrorP19__DMA_HandleTypeDef 0x08001ad0   Section        0  stm32f1xx_hal_uart.o(i._Z20UART_DMAAbortOnErrorP19__DMA_HandleTypeDef)
    UART_DMAAbortOnError(__DMA_HandleTypeDef*) 0x08001ad1   Thumb Code    16  stm32f1xx_hal_uart.o(i._Z20UART_DMAAbortOnErrorP19__DMA_HandleTypeDef)
    i._Z20UART_DMATransmitCpltP19__DMA_HandleTypeDef 0x08001ae0   Section        0  stm32f1xx_hal_uart.o(i._Z20UART_DMATransmitCpltP19__DMA_HandleTypeDef)
    UART_DMATransmitCplt(__DMA_HandleTypeDef*) 0x08001ae1   Thumb Code    46  stm32f1xx_hal_uart.o(i._Z20UART_DMATransmitCpltP19__DMA_HandleTypeDef)
    i._Z24TIM_TI1_ConfigInputStageP11TIM_TypeDefjj 0x08001b0e   Section        0  stm32f1xx_hal_tim.o(i._Z24TIM_TI1_ConfigInputStageP11TIM_TypeDefjj)
    TIM_TI1_ConfigInputStage(TIM_TypeDef*, unsigned, unsigned) 0x08001b0f   Thumb Code    34  stm32f1xx_hal_tim.o(i._Z24TIM_TI1_ConfigInputStageP11TIM_TypeDefjj)
    i._Z24TIM_TI2_ConfigInputStageP11TIM_TypeDefjj 0x08001b30   Section        0  stm32f1xx_hal_tim.o(i._Z24TIM_TI2_ConfigInputStageP11TIM_TypeDefjj)
    TIM_TI2_ConfigInputStage(TIM_TypeDef*, unsigned, unsigned) 0x08001b31   Thumb Code    36  stm32f1xx_hal_tim.o(i._Z24TIM_TI2_ConfigInputStageP11TIM_TypeDefjj)
    i._ZN13STM32Hardware10reset_rbufEv       0x08001b54   Section        0  mainpp.o(i._ZN13STM32Hardware10reset_rbufEv)
    i._ZN13STM32Hardware5flushEv             0x08001b64   Section        0  mainpp.o(i._ZN13STM32Hardware5flushEv)
    i._ZN14rosserial_msgs20RequestParamResponse11deserializeEPh 0x08001bb8   Section        0  mainpp.o(i._ZN14rosserial_msgs20RequestParamResponse11deserializeEPh)
    i._ZN14rosserial_msgs20RequestParamResponse6getMD5Ev 0x08001ca4   Section        0  mainpp.o(i._ZN14rosserial_msgs20RequestParamResponse6getMD5Ev)
    i._ZN14rosserial_msgs20RequestParamResponse7getTypeEv 0x08001cac   Section        0  mainpp.o(i._ZN14rosserial_msgs20RequestParamResponse7getTypeEv)
    i._ZN14rosserial_msgs3Log6getMD5Ev       0x08001cb4   Section        0  mainpp.o(i._ZN14rosserial_msgs3Log6getMD5Ev)
    i._ZN14rosserial_msgs3Log7getTypeEv      0x08001cbc   Section        0  mainpp.o(i._ZN14rosserial_msgs3Log7getTypeEv)
    i._ZN14rosserial_msgs9TopicInfo6getMD5Ev 0x08001cc4   Section        0  mainpp.o(i._ZN14rosserial_msgs9TopicInfo6getMD5Ev)
    i._ZN14rosserial_msgs9TopicInfo7getTypeEv 0x08001ccc   Section        0  mainpp.o(i._ZN14rosserial_msgs9TopicInfo7getTypeEv)
    i._ZN3ros16normalizeSecNSecERmS0_        0x08001cd4   Section        0  time.o(i._ZN3ros16normalizeSecNSecERmS0_)
    i._ZN8std_msgs4Time11deserializeEPh      0x08001cf4   Section        0  mainpp.o(i._ZN8std_msgs4Time11deserializeEPh)
    i._ZN8std_msgs4Time6getMD5Ev             0x08001d34   Section        0  mainpp.o(i._ZN8std_msgs4Time6getMD5Ev)
    i._ZN8std_msgs4Time7getTypeEv            0x08001d3c   Section        0  mainpp.o(i._ZN8std_msgs4Time7getTypeEv)
    i._ZN8std_msgs4TimeC1Ev                  0x08001d44   Section        0  mainpp.o(i._ZN8std_msgs4TimeC1Ev)
    i._ZN8std_msgs6String11deserializeEPh    0x08001d54   Section        0  mainpp.o(i._ZN8std_msgs6String11deserializeEPh)
    i._ZN8std_msgs6String6getMD5Ev           0x08001d80   Section        0  mainpp.o(i._ZN8std_msgs6String6getMD5Ev)
    i._ZN8std_msgs6String7getTypeEv          0x08001d88   Section        0  mainpp.o(i._ZN8std_msgs6String7getTypeEv)
    i._ZNK14rosserial_msgs20RequestParamResponse9serializeEPh 0x08001d90   Section        0  mainpp.o(i._ZNK14rosserial_msgs20RequestParamResponse9serializeEPh)
    i._ZNK14rosserial_msgs3Log9serializeEPh  0x08001e4c   Section        0  mainpp.o(i._ZNK14rosserial_msgs3Log9serializeEPh)
    i._ZNK14rosserial_msgs9TopicInfo9serializeEPh 0x08001e70   Section        0  mainpp.o(i._ZNK14rosserial_msgs9TopicInfo9serializeEPh)
    i._ZNK8std_msgs4Time9serializeEPh        0x08001ee6   Section        0  mainpp.o(i._ZNK8std_msgs4Time9serializeEPh)
    i._ZNK8std_msgs6String9serializeEPh      0x08001f18   Section        0  mainpp.o(i._ZNK8std_msgs6String9serializeEPh)
    i.__free$realloc                         0x08001f38   Section        0  mallocr.o(i.__free$realloc)
    i.__malloc$realloc                       0x08001f94   Section        0  mallocr.o(i.__malloc$realloc)
    i.__scatterload_copy                     0x08001fe4   Section       14  handlers.o(i.__scatterload_copy)
    i.__scatterload_null                     0x08001ff2   Section        2  handlers.o(i.__scatterload_null)
    i.__scatterload_zeroinit                 0x08001ff4   Section       14  handlers.o(i.__scatterload_zeroinit)
    i.__sti___10_mainpp_cpp_nh               0x08002004   Section        0  mainpp.o(i.__sti___10_mainpp_cpp_nh)
    __sti___10_mainpp_cpp_nh                 0x08002005   Thumb Code    50  mainpp.o(i.__sti___10_mainpp_cpp_nh)
    i.internal_alloc                         0x08002068   Section        0  mallocr.o(i.internal_alloc)
    internal_alloc                           0x08002069   Thumb Code    76  mallocr.o(i.internal_alloc)
    i.loop                                   0x080020b8   Section        0  mainpp.o(i.loop)
    i.main                                   0x080020d0   Section        0  main.o(i.main)
    i.realloc                                0x080020f4   Section        0  mallocr.o(i.realloc)
    i.setup                                  0x08002160   Section        0  mainpp.o(i.setup)
    t._ZN3ros10SubscriberIN8std_msgs6StringEE10getMsgTypeEv 0x080021d8   Section        0  mainpp.o(t._ZN3ros10SubscriberIN8std_msgs6StringEE10getMsgTypeEv)
    t._ZN3ros10SubscriberIN8std_msgs6StringEE15getEndpointTypeEv 0x080021e0   Section        0  mainpp.o(t._ZN3ros10SubscriberIN8std_msgs6StringEE15getEndpointTypeEv)
    t._ZN3ros10SubscriberIN8std_msgs6StringEE8callbackEPh 0x080021e4   Section        0  mainpp.o(t._ZN3ros10SubscriberIN8std_msgs6StringEE8callbackEPh)
    t._ZN3ros10SubscriberIN8std_msgs6StringEE9getMsgMD5Ev 0x080021fc   Section        0  mainpp.o(t._ZN3ros10SubscriberIN8std_msgs6StringEE9getMsgMD5Ev)
    t._ZN3ros11NodeHandle_I13STM32HardwareLi25ELi25ELi512ELi512EE15negotiateTopicsEv 0x08002204   Section        0  mainpp.o(t._ZN3ros11NodeHandle_I13STM32HardwareLi25ELi25ELi512ELi512EE15negotiateTopicsEv)
    t._ZN3ros11NodeHandle_I13STM32HardwareLi25ELi25ELi512ELi512EE15requestSyncTimeEv 0x080022c0   Section        0  mainpp.o(t._ZN3ros11NodeHandle_I13STM32HardwareLi25ELi25ELi512ELi512EE15requestSyncTimeEv)
    t._ZN3ros11NodeHandle_I13STM32HardwareLi25ELi25ELi512ELi512EE7publishEiPKNS_3MsgE 0x080022e4   Section        0  mainpp.o(t._ZN3ros11NodeHandle_I13STM32HardwareLi25ELi25ELi512ELi512EE7publishEiPKNS_3MsgE)
    t._ZN3ros11NodeHandle_I13STM32HardwareLi25ELi25ELi512ELi512EE8spinOnceEv 0x080023e8   Section        0  mainpp.o(t._ZN3ros11NodeHandle_I13STM32HardwareLi25ELi25ELi512ELi512EE8spinOnceEv)
    t._ZN3ros11NodeHandle_I13STM32HardwareLi25ELi25ELi512ELi512EEC1Ev 0x08002674   Section        0  mainpp.o(t._ZN3ros11NodeHandle_I13STM32HardwareLi25ELi25ELi512ELi512EEC1Ev)
    .constdata                               0x08002700   Section       16  system_stm32f1xx.o(.constdata)
    .constdata                               0x08002710   Section        8  system_stm32f1xx.o(.constdata)
    .constdata                               0x08002718   Section       28  mainpp.o(.constdata)
    rosserial_msgs::REQUESTPARAM             0x08002718   Data          28  mainpp.o(.constdata)
    .constdata__ZTVN14rosserial_msgs20RequestParamResponseE 0x08002734   Section       24  mainpp.o(.constdata__ZTVN14rosserial_msgs20RequestParamResponseE)
    .constdata__ZTVN14rosserial_msgs3LogE    0x0800274c   Section       24  mainpp.o(.constdata__ZTVN14rosserial_msgs3LogE)
    .constdata__ZTVN14rosserial_msgs9TopicInfoE 0x08002764   Section       24  mainpp.o(.constdata__ZTVN14rosserial_msgs9TopicInfoE)
    .constdata__ZTVN3ros10SubscriberIN8std_msgs6StringEEE 0x0800277c   Section       24  mainpp.o(.constdata__ZTVN3ros10SubscriberIN8std_msgs6StringEEE)
    .constdata__ZTVN3ros11NodeHandle_I13STM32HardwareLi25ELi25ELi512ELi512EEE 0x08002794   Section       20  mainpp.o(.constdata__ZTVN3ros11NodeHandle_I13STM32HardwareLi25ELi25ELi512ELi512EEE)
    .constdata__ZTVN8std_msgs4TimeE          0x080027a8   Section       24  mainpp.o(.constdata__ZTVN8std_msgs4TimeE)
    .constdata__ZTVN8std_msgs6StringE        0x080027c0   Section       24  mainpp.o(.constdata__ZTVN8std_msgs6StringE)
    .constdata__ZZN14rosserial_msgs20RequestParamResponse6getMD5EvEs 0x080027d8   Section       33  mainpp.o(.constdata__ZZN14rosserial_msgs20RequestParamResponse6getMD5EvEs)
    .constdata__ZZN14rosserial_msgs3Log6getMD5EvEs 0x080027f9   Section       33  mainpp.o(.constdata__ZZN14rosserial_msgs3Log6getMD5EvEs)
    .constdata__ZZN14rosserial_msgs3Log7getTypeEvEs 0x0800281a   Section       19  mainpp.o(.constdata__ZZN14rosserial_msgs3Log7getTypeEvEs)
    .constdata__ZZN14rosserial_msgs9TopicInfo6getMD5EvEs 0x0800282d   Section       33  mainpp.o(.constdata__ZZN14rosserial_msgs9TopicInfo6getMD5EvEs)
    .constdata__ZZN14rosserial_msgs9TopicInfo7getTypeEvEs 0x0800284e   Section       25  mainpp.o(.constdata__ZZN14rosserial_msgs9TopicInfo7getTypeEvEs)
    .constdata__ZZN3ros11NodeHandle_I13STM32HardwareLi25ELi25ELi512ELi512EE7publishEiPKNS_3MsgEEs 0x08002867   Section       57  mainpp.o(.constdata__ZZN3ros11NodeHandle_I13STM32HardwareLi25ELi25ELi512ELi512EE7publishEiPKNS_3MsgEEs)
    .constdata__ZZN8std_msgs4Time6getMD5EvEs 0x080028a0   Section       33  mainpp.o(.constdata__ZZN8std_msgs4Time6getMD5EvEs)
    .constdata__ZZN8std_msgs4Time7getTypeEvEs 0x080028c1   Section       14  mainpp.o(.constdata__ZZN8std_msgs4Time7getTypeEvEs)
    .constdata__ZZN8std_msgs6String6getMD5EvEs 0x080028cf   Section       33  mainpp.o(.constdata__ZZN8std_msgs6String6getMD5EvEs)
    .constdata__ZZN8std_msgs6String7getTypeEvEs 0x080028f0   Section       16  mainpp.o(.constdata__ZZN8std_msgs6String7getTypeEvEs)
    .init_array                              0x08002920   Section        4  mainpp.o(.init_array)
    .init_array                              0x08002924   Section        0  cpp_init.o(.init_array)
    .data                                    0x20000000   Section       12  stm32f1xx_hal.o(.data)
    .data                                    0x2000000c   Section        4  system_stm32f1xx.o(.data)
    .data                                    0x20000010   Section        8  mainpp.o(.data)
    .data                                    0x20000018   Section        4  mvars.o(.data)
    .data                                    0x2000001c   Section        4  mvars.o(.data)
    .data__ZZN13STM32Hardware5flushEvE5mutex 0x20000020   Section        1  mainpp.o(.data__ZZN13STM32Hardware5flushEvE5mutex)
    .bss                                     0x20000024   Section       64  tim.o(.bss)
    .bss                                     0x20000064   Section      200  usart.o(.bss)
    .bss                                     0x2000012c   Section     1772  mainpp.o(.bss)
    HEAP                                     0x20000818   Section      512  startup_stm32f103xe.o(HEAP)
    STACK                                    0x20000a18   Section     1024  startup_stm32f103xe.o(STACK)

    Global Symbols

    Symbol Name                              Value     Ov Type        Size  Object(Section)

    BuildAttributes$$THM_ISAv4$P$D$K$B$S$PE$A:L22UL41UL21$X:L11$S22US41US21$IEEE1$IW$USESV6$~STKCKD$USESV7$~SHL$OSPACE$EBA8$UX$MICROLIB$REQ8$PRES8$EABIv2 0x00000000   Number         0  anon$$obj.o ABSOLUTE
    __ARM_use_no_argv                        0x00000000   Number         0  main.o ABSOLUTE
    __ARM::default_unexpected_handler()       - Undefined Weak Reference
    __ARM_exceptions_buffer_required          - Undefined Weak Reference
    __cxa_finalize                            - Undefined Weak Reference
    __decompress                              - Undefined Weak Reference
    _clock_init                               - Undefined Weak Reference
    _microlib_exit                            - Undefined Weak Reference
    __Vectors_Size                           0x00000130   Number         0  startup_stm32f103xe.o ABSOLUTE
    __Vectors                                0x08000000   Data           4  startup_stm32f103xe.o(RESET)
    __Vectors_End                            0x08000130   Data           0  startup_stm32f103xe.o(RESET)
    __main                                   0x08000131   Thumb Code     0  entry.o(.ARM.Collect$$$$00000000)
    _main_stk                                0x08000131   Thumb Code     0  entry2.o(.ARM.Collect$$$$00000001)
    _main_scatterload                        0x08000135   Thumb Code     0  entry5.o(.ARM.Collect$$$$00000004)
    __main_after_scatterload                 0x08000139   Thumb Code     0  entry5.o(.ARM.Collect$$$$00000004)
    _main_clock                              0x08000139   Thumb Code     0  entry7b.o(.ARM.Collect$$$$00000008)
    _main_cpp_init$empty                     0x08000139   Thumb Code     0  entry8a.o(.ARM.Collect$$$$00000009)
    _main_cpp_init                           0x0800013d   Thumb Code     0  entry8b.o(.ARM.Collect$$$$0000000A)
    _main_init                               0x0800013d   Thumb Code     0  entry9a.o(.ARM.Collect$$$$0000000B)
    __rt_final_cpp                           0x08000145   Thumb Code     0  entry10a.o(.ARM.Collect$$$$0000000D)
    __rt_final_exit                          0x08000145   Thumb Code     0  entry11a.o(.ARM.Collect$$$$0000000F)
    Reset_Handler                            0x08000149   Thumb Code     8  startup_stm32f103xe.o(.text)
    ADC1_2_IRQHandler                        0x08000163   Thumb Code     0  startup_stm32f103xe.o(.text)
    ADC3_IRQHandler                          0x08000163   Thumb Code     0  startup_stm32f103xe.o(.text)
    CAN1_RX1_IRQHandler                      0x08000163   Thumb Code     0  startup_stm32f103xe.o(.text)
    CAN1_SCE_IRQHandler                      0x08000163   Thumb Code     0  startup_stm32f103xe.o(.text)
    DMA1_Channel1_IRQHandler                 0x08000163   Thumb Code     0  startup_stm32f103xe.o(.text)
    DMA1_Channel2_IRQHandler                 0x08000163   Thumb Code     0  startup_stm32f103xe.o(.text)
    DMA1_Channel3_IRQHandler                 0x08000163   Thumb Code     0  startup_stm32f103xe.o(.text)
    DMA1_Channel6_IRQHandler                 0x08000163   Thumb Code     0  startup_stm32f103xe.o(.text)
    DMA1_Channel7_IRQHandler                 0x08000163   Thumb Code     0  startup_stm32f103xe.o(.text)
    DMA2_Channel1_IRQHandler                 0x08000163   Thumb Code     0  startup_stm32f103xe.o(.text)
    DMA2_Channel2_IRQHandler                 0x08000163   Thumb Code     0  startup_stm32f103xe.o(.text)
    DMA2_Channel3_IRQHandler                 0x08000163   Thumb Code     0  startup_stm32f103xe.o(.text)
    DMA2_Channel4_5_IRQHandler               0x08000163   Thumb Code     0  startup_stm32f103xe.o(.text)
    EXTI0_IRQHandler                         0x08000163   Thumb Code     0  startup_stm32f103xe.o(.text)
    EXTI15_10_IRQHandler                     0x08000163   Thumb Code     0  startup_stm32f103xe.o(.text)
    EXTI1_IRQHandler                         0x08000163   Thumb Code     0  startup_stm32f103xe.o(.text)
    EXTI2_IRQHandler                         0x08000163   Thumb Code     0  startup_stm32f103xe.o(.text)
    EXTI3_IRQHandler                         0x08000163   Thumb Code     0  startup_stm32f103xe.o(.text)
    EXTI4_IRQHandler                         0x08000163   Thumb Code     0  startup_stm32f103xe.o(.text)
    EXTI9_5_IRQHandler                       0x08000163   Thumb Code     0  startup_stm32f103xe.o(.text)
    FLASH_IRQHandler                         0x08000163   Thumb Code     0  startup_stm32f103xe.o(.text)
    FSMC_IRQHandler                          0x08000163   Thumb Code     0  startup_stm32f103xe.o(.text)
    I2C1_ER_IRQHandler                       0x08000163   Thumb Code     0  startup_stm32f103xe.o(.text)
    I2C1_EV_IRQHandler                       0x08000163   Thumb Code     0  startup_stm32f103xe.o(.text)
    I2C2_ER_IRQHandler                       0x08000163   Thumb Code     0  startup_stm32f103xe.o(.text)
    I2C2_EV_IRQHandler                       0x08000163   Thumb Code     0  startup_stm32f103xe.o(.text)
    PVD_IRQHandler                           0x08000163   Thumb Code     0  startup_stm32f103xe.o(.text)
    RCC_IRQHandler                           0x08000163   Thumb Code     0  startup_stm32f103xe.o(.text)
    RTC_Alarm_IRQHandler                     0x08000163   Thumb Code     0  startup_stm32f103xe.o(.text)
    RTC_IRQHandler                           0x08000163   Thumb Code     0  startup_stm32f103xe.o(.text)
    SDIO_IRQHandler                          0x08000163   Thumb Code     0  startup_stm32f103xe.o(.text)
    SPI1_IRQHandler                          0x08000163   Thumb Code     0  startup_stm32f103xe.o(.text)
    SPI2_IRQHandler                          0x08000163   Thumb Code     0  startup_stm32f103xe.o(.text)
    SPI3_IRQHandler                          0x08000163   Thumb Code     0  startup_stm32f103xe.o(.text)
    TAMPER_IRQHandler                        0x08000163   Thumb Code     0  startup_stm32f103xe.o(.text)
    TIM1_BRK_IRQHandler                      0x08000163   Thumb Code     0  startup_stm32f103xe.o(.text)
    TIM1_CC_IRQHandler                       0x08000163   Thumb Code     0  startup_stm32f103xe.o(.text)
    TIM1_TRG_COM_IRQHandler                  0x08000163   Thumb Code     0  startup_stm32f103xe.o(.text)
    TIM1_UP_IRQHandler                       0x08000163   Thumb Code     0  startup_stm32f103xe.o(.text)
    TIM2_IRQHandler                          0x08000163   Thumb Code     0  startup_stm32f103xe.o(.text)
    TIM3_IRQHandler                          0x08000163   Thumb Code     0  startup_stm32f103xe.o(.text)
    TIM4_IRQHandler                          0x08000163   Thumb Code     0  startup_stm32f103xe.o(.text)
    TIM5_IRQHandler                          0x08000163   Thumb Code     0  startup_stm32f103xe.o(.text)
    TIM6_IRQHandler                          0x08000163   Thumb Code     0  startup_stm32f103xe.o(.text)
    TIM7_IRQHandler                          0x08000163   Thumb Code     0  startup_stm32f103xe.o(.text)
    TIM8_BRK_IRQHandler                      0x08000163   Thumb Code     0  startup_stm32f103xe.o(.text)
    TIM8_CC_IRQHandler                       0x08000163   Thumb Code     0  startup_stm32f103xe.o(.text)
    TIM8_TRG_COM_IRQHandler                  0x08000163   Thumb Code     0  startup_stm32f103xe.o(.text)
    TIM8_UP_IRQHandler                       0x08000163   Thumb Code     0  startup_stm32f103xe.o(.text)
    UART4_IRQHandler                         0x08000163   Thumb Code     0  startup_stm32f103xe.o(.text)
    UART5_IRQHandler                         0x08000163   Thumb Code     0  startup_stm32f103xe.o(.text)
    USART2_IRQHandler                        0x08000163   Thumb Code     0  startup_stm32f103xe.o(.text)
    USART3_IRQHandler                        0x08000163   Thumb Code     0  startup_stm32f103xe.o(.text)
    USBWakeUp_IRQHandler                     0x08000163   Thumb Code     0  startup_stm32f103xe.o(.text)
    USB_HP_CAN1_TX_IRQHandler                0x08000163   Thumb Code     0  startup_stm32f103xe.o(.text)
    USB_LP_CAN1_RX0_IRQHandler               0x08000163   Thumb Code     0  startup_stm32f103xe.o(.text)
    WWDG_IRQHandler                          0x08000163   Thumb Code     0  startup_stm32f103xe.o(.text)
    __aeabi_memcpy                           0x0800016d   Thumb Code    36  memcpya.o(.text)
    __aeabi_memcpy4                          0x0800016d   Thumb Code     0  memcpya.o(.text)
    __aeabi_memcpy8                          0x0800016d   Thumb Code     0  memcpya.o(.text)
    strlen                                   0x08000191   Thumb Code    14  strlen.o(.text)
    __cpp_initialize__aeabi_                 0x080001a1   Thumb Code    22  cpp_init.o(.text)
    __scatterload                            0x080001c1   Thumb Code    28  init.o(.text)
    __scatterload_rt2                        0x080001c1   Thumb Code     0  init.o(.text)
    BusFault_Handler                         0x080001e5   Thumb Code     2  stm32f1xx_it.o(i.BusFault_Handler)
    DMA1_Channel4_IRQHandler                 0x080001e9   Thumb Code     6  stm32f1xx_it.o(i.DMA1_Channel4_IRQHandler)
    DMA1_Channel5_IRQHandler                 0x080001f5   Thumb Code     6  stm32f1xx_it.o(i.DMA1_Channel5_IRQHandler)
    DebugMon_Handler                         0x08000201   Thumb Code     2  stm32f1xx_it.o(i.DebugMon_Handler)
    HAL_DMA_Abort_IT                         0x08000205   Thumb Code   296  stm32f1xx_hal_dma.o(i.HAL_DMA_Abort_IT)
    HAL_DMA_IRQHandler                       0x08000335   Thumb Code   552  stm32f1xx_hal_dma.o(i.HAL_DMA_IRQHandler)
    HAL_DMA_Init                             0x0800057d   Thumb Code   120  stm32f1xx_hal_dma.o(i.HAL_DMA_Init)
    HAL_DMA_Start_IT                         0x08000601   Thumb Code   112  stm32f1xx_hal_dma.o(i.HAL_DMA_Start_IT)
    HAL_Delay                                0x08000671   Thumb Code    32  stm32f1xx_hal.o(i.HAL_Delay)
    HAL_GPIO_Init                            0x08000695   Thumb Code   446  stm32f1xx_hal_gpio.o(i.HAL_GPIO_Init)
    HAL_GetTick                              0x0800087d   Thumb Code     6  stm32f1xx_hal.o(i.HAL_GetTick)
    HAL_IncTick                              0x08000889   Thumb Code    12  stm32f1xx_hal.o(i.HAL_IncTick)
    HAL_Init                                 0x08000899   Thumb Code    32  stm32f1xx_hal.o(i.HAL_Init)
    HAL_InitTick                             0x080008bd   Thumb Code    54  stm32f1xx_hal.o(i.HAL_InitTick)
    HAL_MspInit                              0x080008fd   Thumb Code   118  stm32f1xx_hal_msp.o(i.HAL_MspInit)
    HAL_NVIC_EnableIRQ                       0x0800097d   Thumb Code    22  stm32f1xx_hal_cortex.o(i.HAL_NVIC_EnableIRQ)
    HAL_NVIC_SetPriority                     0x08000995   Thumb Code    60  stm32f1xx_hal_cortex.o(i.HAL_NVIC_SetPriority)
    HAL_NVIC_SetPriorityGrouping             0x080009d5   Thumb Code    26  stm32f1xx_hal_cortex.o(i.HAL_NVIC_SetPriorityGrouping)
    HAL_RCC_ClockConfig                      0x080009f9   Thumb Code   322  stm32f1xx_hal_rcc.o(i.HAL_RCC_ClockConfig)
    HAL_RCC_GetHCLKFreq                      0x08000b4d   Thumb Code     6  stm32f1xx_hal_rcc.o(i.HAL_RCC_GetHCLKFreq)
    HAL_RCC_GetPCLK1Freq                     0x08000b59   Thumb Code    20  stm32f1xx_hal_rcc.o(i.HAL_RCC_GetPCLK1Freq)
    HAL_RCC_GetPCLK2Freq                     0x08000b79   Thumb Code    20  stm32f1xx_hal_rcc.o(i.HAL_RCC_GetPCLK2Freq)
    HAL_RCC_GetSysClockFreq                  0x08000b99   Thumb Code    76  stm32f1xx_hal_rcc.o(i.HAL_RCC_GetSysClockFreq)
    HAL_RCC_OscConfig                        0x08000c05   Thumb Code   750  stm32f1xx_hal_rcc.o(i.HAL_RCC_OscConfig)
    HAL_SYSTICK_CLKSourceConfig              0x08000f09   Thumb Code    24  stm32f1xx_hal_cortex.o(i.HAL_SYSTICK_CLKSourceConfig)
    HAL_SYSTICK_Callback                     0x08000f21   Thumb Code     2  stm32f1xx_hal_cortex.o(i.HAL_SYSTICK_Callback)
    HAL_SYSTICK_Config                       0x08000f23   Thumb Code    40  stm32f1xx_hal_cortex.o(i.HAL_SYSTICK_Config)
    HAL_SYSTICK_IRQHandler                   0x08000f4b   Thumb Code     8  stm32f1xx_hal_cortex.o(i.HAL_SYSTICK_IRQHandler)
    HAL_TIMEx_MasterConfigSynchronization    0x08000f53   Thumb Code    80  stm32f1xx_hal_tim_ex.o(i.HAL_TIMEx_MasterConfigSynchronization)
    HAL_TIM_Base_Init                        0x08000fa3   Thumb Code    54  stm32f1xx_hal_tim.o(i.HAL_TIM_Base_Init)
    HAL_TIM_Base_MspInit                     0x08000fd9   Thumb Code    30  tim.o(i.HAL_TIM_Base_MspInit)
    HAL_TIM_Base_Start                       0x08000ffd   Thumb Code    26  stm32f1xx_hal_tim.o(i.HAL_TIM_Base_Start)
    HAL_TIM_ConfigClockSource                0x08001017   Thumb Code   242  stm32f1xx_hal_tim.o(i.HAL_TIM_ConfigClockSource)
    HAL_UART_ErrorCallback                   0x08001109   Thumb Code     2  stm32f1xx_hal_uart.o(i.HAL_UART_ErrorCallback)
    HAL_UART_IRQHandler                      0x0800110d   Thumb Code   266  stm32f1xx_hal_uart.o(i.HAL_UART_IRQHandler)
    HAL_UART_Init                            0x0800121d   Thumb Code    98  stm32f1xx_hal_uart.o(i.HAL_UART_Init)
    HAL_UART_MspInit                         0x08001281   Thumb Code   194  usart.o(i.HAL_UART_MspInit)
    HAL_UART_Receive_DMA                     0x08001369   Thumb Code   138  stm32f1xx_hal_uart.o(i.HAL_UART_Receive_DMA)
    HAL_UART_RxCpltCallback                  0x08001401   Thumb Code     6  mainpp.o(i.HAL_UART_RxCpltCallback)
    HAL_UART_RxHalfCpltCallback              0x0800140d   Thumb Code     2  stm32f1xx_hal_uart.o(i.HAL_UART_RxHalfCpltCallback)
    HAL_UART_Transmit_DMA                    0x08001411   Thumb Code   114  stm32f1xx_hal_uart.o(i.HAL_UART_Transmit_DMA)
    HAL_UART_TxCpltCallback                  0x08001491   Thumb Code     6  mainpp.o(i.HAL_UART_TxCpltCallback)
    HAL_UART_TxHalfCpltCallback              0x0800149d   Thumb Code     2  stm32f1xx_hal_uart.o(i.HAL_UART_TxHalfCpltCallback)
    HardFault_Handler                        0x0800149f   Thumb Code     2  stm32f1xx_it.o(i.HardFault_Handler)
    MX_DMA_Init                              0x080014a1   Thumb Code    56  dma.o(i.MX_DMA_Init)
    MX_GPIO_Init                             0x080014dd   Thumb Code    22  gpio.o(i.MX_GPIO_Init)
    MX_TIM2_Init                             0x080014f9   Thumb Code    90  tim.o(i.MX_TIM2_Init)
    MX_USART1_UART_Init                      0x08001569   Thumb Code    52  usart.o(i.MX_USART1_UART_Init)
    MemManage_Handler                        0x080015b5   Thumb Code     2  stm32f1xx_it.o(i.MemManage_Handler)
    NMI_Handler                              0x080015b7   Thumb Code     2  stm32f1xx_it.o(i.NMI_Handler)
    PendSV_Handler                           0x080015b9   Thumb Code     2  stm32f1xx_it.o(i.PendSV_Handler)
    SVC_Handler                              0x080015bb   Thumb Code     2  stm32f1xx_it.o(i.SVC_Handler)
    SysTick_Handler                          0x080015bd   Thumb Code    14  stm32f1xx_it.o(i.SysTick_Handler)
    SystemInit                               0x080015cd   Thumb Code    56  system_stm32f1xx.o(i.SystemInit)
    TIM_Base_SetConfig                       0x08001615   Thumb Code   120  stm32f1xx_hal_tim.o(i.TIM_Base_SetConfig)
    USART1_IRQHandler                        0x080016a1   Thumb Code     6  stm32f1xx_it.o(i.USART1_IRQHandler)
    UsageFault_Handler                       0x080016ad   Thumb Code     2  stm32f1xx_it.o(i.UsageFault_Handler)
    _Error_Handler                           0x080016af   Thumb Code     2  main.o(i._Error_Handler)
    command_callback(const std_msgs::String&) 0x080019ad   Thumb Code    20  mainpp.o(i._Z16command_callbackRKN8std_msgs6StringE)
    SystemClock_Config()                     0x080019dd   Thumb Code   102  main.o(i._Z18SystemClock_Configv)
    STM32Hardware::reset_rbuf()              0x08001b55   Thumb Code    14  mainpp.o(i._ZN13STM32Hardware10reset_rbufEv)
    STM32Hardware::flush()                   0x08001b65   Thumb Code    80  mainpp.o(i._ZN13STM32Hardware5flushEv)
    rosserial_msgs::RequestParamResponse::deserialize(unsigned char*) 0x08001bb9   Thumb Code   236  mainpp.o(i._ZN14rosserial_msgs20RequestParamResponse11deserializeEPh)
    rosserial_msgs::RequestParamResponse::getMD5() 0x08001ca5   Thumb Code     4  mainpp.o(i._ZN14rosserial_msgs20RequestParamResponse6getMD5Ev)
    rosserial_msgs::RequestParamResponse::getType() 0x08001cad   Thumb Code     4  mainpp.o(i._ZN14rosserial_msgs20RequestParamResponse7getTypeEv)
    rosserial_msgs::Log::getMD5()            0x08001cb5   Thumb Code     4  mainpp.o(i._ZN14rosserial_msgs3Log6getMD5Ev)
    rosserial_msgs::Log::getType()           0x08001cbd   Thumb Code     4  mainpp.o(i._ZN14rosserial_msgs3Log7getTypeEv)
    rosserial_msgs::TopicInfo::getMD5()      0x08001cc5   Thumb Code     4  mainpp.o(i._ZN14rosserial_msgs9TopicInfo6getMD5Ev)
    rosserial_msgs::TopicInfo::getType()     0x08001ccd   Thumb Code     4  mainpp.o(i._ZN14rosserial_msgs9TopicInfo7getTypeEv)
    ros::normalizeSecNSec(unsigned long&, unsigned long&) 0x08001cd5   Thumb Code    28  time.o(i._ZN3ros16normalizeSecNSecERmS0_)
    std_msgs::Time::deserialize(unsigned char*) 0x08001cf5   Thumb Code    62  mainpp.o(i._ZN8std_msgs4Time11deserializeEPh)
    std_msgs::Time::getMD5()                 0x08001d35   Thumb Code     4  mainpp.o(i._ZN8std_msgs4Time6getMD5Ev)
    std_msgs::Time::getType()                0x08001d3d   Thumb Code     4  mainpp.o(i._ZN8std_msgs4Time7getTypeEv)
    std_msgs::Time::Time()                   0x08001d45   Thumb Code    12  mainpp.o(i._ZN8std_msgs4TimeC1Ev)
    std_msgs::Time::Time__sub_object()       0x08001d45   Thumb Code     0  mainpp.o(i._ZN8std_msgs4TimeC1Ev)
    std_msgs::String::deserialize(unsigned char*) 0x08001d55   Thumb Code    44  mainpp.o(i._ZN8std_msgs6String11deserializeEPh)
    std_msgs::String::getMD5()               0x08001d81   Thumb Code     4  mainpp.o(i._ZN8std_msgs6String6getMD5Ev)
    std_msgs::String::getType()              0x08001d89   Thumb Code     4  mainpp.o(i._ZN8std_msgs6String7getTypeEv)
    rosserial_msgs::RequestParamResponse::serialize(unsigned char*) const 0x08001d91   Thumb Code   188  mainpp.o(i._ZNK14rosserial_msgs20RequestParamResponse9serializeEPh)
    rosserial_msgs::Log::serialize(unsigned char*) const 0x08001e4d   Thumb Code    36  mainpp.o(i._ZNK14rosserial_msgs3Log9serializeEPh)
    rosserial_msgs::TopicInfo::serialize(unsigned char*) const 0x08001e71   Thumb Code   118  mainpp.o(i._ZNK14rosserial_msgs9TopicInfo9serializeEPh)
    std_msgs::Time::serialize(unsigned char*) const 0x08001ee7   Thumb Code    50  mainpp.o(i._ZNK8std_msgs4Time9serializeEPh)
    std_msgs::String::serialize(unsigned char*) const 0x08001f19   Thumb Code    30  mainpp.o(i._ZNK8std_msgs6String9serializeEPh)
    __free$realloc                           0x08001f39   Thumb Code    88  mallocr.o(i.__free$realloc)
    malloc                                   0x08001f95   Thumb Code    64  mallocr.o(i.__malloc$realloc)
    __scatterload_copy                       0x08001fe5   Thumb Code    14  handlers.o(i.__scatterload_copy)
    __scatterload_null                       0x08001ff3   Thumb Code     2  handlers.o(i.__scatterload_null)
    __scatterload_zeroinit                   0x08001ff5   Thumb Code    14  handlers.o(i.__scatterload_zeroinit)
    loop                                     0x080020b9   Thumb Code    20  mainpp.o(i.loop)
    main                                     0x080020d1   Thumb Code    34  main.o(i.main)
    realloc                                  0x080020f5   Thumb Code   102  mallocr.o(i.realloc)
    setup                                    0x08002161   Thumb Code   116  mainpp.o(i.setup)
    ros::Subscriber<std_msgs::String>::getMsgType() 0x080021d9   Thumb Code     4  mainpp.o(t._ZN3ros10SubscriberIN8std_msgs6StringEE10getMsgTypeEv)
    ros::Subscriber<std_msgs::String>::getEndpointType() 0x080021e1   Thumb Code     4  mainpp.o(t._ZN3ros10SubscriberIN8std_msgs6StringEE15getEndpointTypeEv)
    ros::Subscriber<std_msgs::String>::callback(unsigned char*) 0x080021e5   Thumb Code    22  mainpp.o(t._ZN3ros10SubscriberIN8std_msgs6StringEE8callbackEPh)
    ros::Subscriber<std_msgs::String>::getMsgMD5() 0x080021fd   Thumb Code     4  mainpp.o(t._ZN3ros10SubscriberIN8std_msgs6StringEE9getMsgMD5Ev)
    ros::NodeHandle_<STM32Hardware, (int)25, (int)25, (int)512, (int)512>::negotiateTopics() 0x08002205   Thumb Code   184  mainpp.o(t._ZN3ros11NodeHandle_I13STM32HardwareLi25ELi25ELi512ELi512EE15negotiateTopicsEv)
    ros::NodeHandle_<STM32Hardware, (int)25, (int)25, (int)512, (int)512>::requestSyncTime() 0x080022c1   Thumb Code    34  mainpp.o(t._ZN3ros11NodeHandle_I13STM32HardwareLi25ELi25ELi512ELi512EE15requestSyncTimeEv)
    ros::NodeHandle_<STM32Hardware, (int)25, (int)25, (int)512, (int)512>::publish(int, const ros::Msg*) 0x080022e5   Thumb Code   250  mainpp.o(t._ZN3ros11NodeHandle_I13STM32HardwareLi25ELi25ELi512ELi512EE7publishEiPKNS_3MsgE)
    ros::NodeHandle_<STM32Hardware, (int)25, (int)25, (int)512, (int)512>::spinOnce() 0x080023e9   Thumb Code   640  mainpp.o(t._ZN3ros11NodeHandle_I13STM32HardwareLi25ELi25ELi512ELi512EE8spinOnceEv)
    ros::NodeHandle_<STM32Hardware, (int)25, (int)25, (int)512, (int)512>::NodeHandle_() 0x08002675   Thumb Code   124  mainpp.o(t._ZN3ros11NodeHandle_I13STM32HardwareLi25ELi25ELi512ELi512EEC1Ev)
    ros::NodeHandle_<STM32Hardware, (int)25, (int)25, (int)512, (int)512>::NodeHandle___sub_object() 0x08002675   Thumb Code     0  mainpp.o(t._ZN3ros11NodeHandle_I13STM32HardwareLi25ELi25ELi512ELi512EEC1Ev)
    AHBPrescTable                            0x08002700   Data          16  system_stm32f1xx.o(.constdata)
    APBPrescTable                            0x08002710   Data           8  system_stm32f1xx.o(.constdata)
    vtable for rosserial_msgs::RequestParamResponse 0x08002734   Data          24  mainpp.o(.constdata__ZTVN14rosserial_msgs20RequestParamResponseE)
    vtable for rosserial_msgs::Log           0x0800274c   Data          24  mainpp.o(.constdata__ZTVN14rosserial_msgs3LogE)
    vtable for rosserial_msgs::TopicInfo     0x08002764   Data          24  mainpp.o(.constdata__ZTVN14rosserial_msgs9TopicInfoE)
    vtable for ros::Subscriber<std_msgs::String> 0x0800277c   Data          24  mainpp.o(.constdata__ZTVN3ros10SubscriberIN8std_msgs6StringEEE)
    vtable for ros::NodeHandle_<STM32Hardware, (int)25, (int)25, (int)512, (int)512> 0x08002794   Data          20  mainpp.o(.constdata__ZTVN3ros11NodeHandle_I13STM32HardwareLi25ELi25ELi512ELi512EEE)
    vtable for std_msgs::Time                0x080027a8   Data          24  mainpp.o(.constdata__ZTVN8std_msgs4TimeE)
    vtable for std_msgs::String              0x080027c0   Data          24  mainpp.o(.constdata__ZTVN8std_msgs6StringE)
    rosserial_msgs::RequestParamResponse::getMD5()::string 0x080027d8   Data          33  mainpp.o(.constdata__ZZN14rosserial_msgs20RequestParamResponse6getMD5EvEs)
    rosserial_msgs::Log::getMD5()::string    0x080027f9   Data          33  mainpp.o(.constdata__ZZN14rosserial_msgs3Log6getMD5EvEs)
    rosserial_msgs::Log::getType()::string   0x0800281a   Data          19  mainpp.o(.constdata__ZZN14rosserial_msgs3Log7getTypeEvEs)
    rosserial_msgs::TopicInfo::getMD5()::string 0x0800282d   Data          33  mainpp.o(.constdata__ZZN14rosserial_msgs9TopicInfo6getMD5EvEs)
    rosserial_msgs::TopicInfo::getType()::string 0x0800284e   Data          25  mainpp.o(.constdata__ZZN14rosserial_msgs9TopicInfo7getTypeEvEs)
    ros::NodeHandle_<STM32Hardware, (int)25, (int)25, (int)512, (int)512>::publish(int, const ros::Msg*)::string 0x08002867   Data          57  mainpp.o(.constdata__ZZN3ros11NodeHandle_I13STM32HardwareLi25ELi25ELi512ELi512EE7publishEiPKNS_3MsgEEs)
    std_msgs::Time::getMD5()::string         0x080028a0   Data          33  mainpp.o(.constdata__ZZN8std_msgs4Time6getMD5EvEs)
    std_msgs::Time::getType()::string        0x080028c1   Data          14  mainpp.o(.constdata__ZZN8std_msgs4Time7getTypeEvEs)
    std_msgs::String::getMD5()::string       0x080028cf   Data          33  mainpp.o(.constdata__ZZN8std_msgs6String6getMD5EvEs)
    std_msgs::String::getType()::string      0x080028f0   Data          16  mainpp.o(.constdata__ZZN8std_msgs6String7getTypeEvEs)
    Region$$Table$$Base                      0x08002900   Number         0  anon$$obj.o(Region$$Table)
    Region$$Table$$Limit                     0x08002920   Number         0  anon$$obj.o(Region$$Table)
    SHT$$INIT_ARRAY$$Base                    0x08002920   Number         0  mainpp.o(.init_array)
    SHT$$INIT_ARRAY$$Limit                   0x08002924   Number         0  cpp_init.o(.init_array)
    uwTickFreq                               0x20000000   Data           1  stm32f1xx_hal.o(.data)
    uwTickPrio                               0x20000004   Data           4  stm32f1xx_hal.o(.data)
    uwTick                                   0x20000008   Data           4  stm32f1xx_hal.o(.data)
    SystemCoreClock                          0x2000000c   Data           4  system_stm32f1xx.o(.data)
    stm32_to_pc_word                         0x20000010   Data           8  mainpp.o(.data)
    __microlib_freelist                      0x20000018   Data           4  mvars.o(.data)
    __microlib_freelist_initialised          0x2000001c   Data           4  mvars.o(.data)
    STM32Hardware::flush()::mutex            0x20000020   Data           1  mainpp.o(.data__ZZN13STM32Hardware5flushEvE5mutex)
    htim2                                    0x20000024   Data          64  tim.o(.bss)
    huart1                                   0x20000064   Data          64  usart.o(.bss)
    hdma_usart1_rx                           0x200000a4   Data          68  usart.o(.bss)
    hdma_usart1_tx                           0x200000e8   Data          68  usart.o(.bss)
    nh                                       0x2000012c   Data        1724  mainpp.o(.bss)
    cmd_sub                                  0x200007e8   Data          28  mainpp.o(.bss)
    stm32_to_pc                              0x20000804   Data          20  mainpp.o(.bss)
    __heap_base                              0x20000818   Data           0  startup_stm32f103xe.o(HEAP)
    __heap_limit                             0x20000a18   Data           0  startup_stm32f103xe.o(HEAP)
    __initial_sp                             0x20000e18   Data           0  startup_stm32f103xe.o(STACK)



==============================================================================

Memory Map of the image

  Image Entry point : 0x08000131

  Load Region LR_IROM1 (Base: 0x08000000, Size: 0x00002948, Max: 0x00080000, ABSOLUTE)

    Execution Region ER_IROM1 (Exec base: 0x08000000, Load base: 0x08000000, Size: 0x00002924, Max: 0x00080000, ABSOLUTE)

    Exec Addr    Load Addr    Size         Type   Attr      Idx    E Section Name        Object

    0x08000000   0x08000000   0x00000130   Data   RO            3    RESET               startup_stm32f103xe.o
    0x08000130   0x08000130   0x00000000   Code   RO         3456  * .ARM.Collect$$$$00000000  mc_w.l(entry.o)
    0x08000130   0x08000130   0x00000004   Code   RO         3503    .ARM.Collect$$$$00000001  mc_w.l(entry2.o)
    0x08000134   0x08000134   0x00000004   Code   RO         3506    .ARM.Collect$$$$00000004  mc_w.l(entry5.o)
    0x08000138   0x08000138   0x00000000   Code   RO         3508    .ARM.Collect$$$$00000008  mc_w.l(entry7b.o)
    0x08000138   0x08000138   0x00000004   Code   RO         3509    .ARM.Collect$$$$00000009  mc_w.l(entry8a.o)
    0x0800013c   0x0800013c   0x00000000   Code   RO         3510    .ARM.Collect$$$$0000000A  mc_w.l(entry8b.o)
    0x0800013c   0x0800013c   0x00000008   Code   RO         3511    .ARM.Collect$$$$0000000B  mc_w.l(entry9a.o)
    0x08000144   0x08000144   0x00000000   Code   RO         3513    .ARM.Collect$$$$0000000D  mc_w.l(entry10a.o)
    0x08000144   0x08000144   0x00000000   Code   RO         3515    .ARM.Collect$$$$0000000F  mc_w.l(entry11a.o)
    0x08000144   0x08000144   0x00000004   Code   RO         3504    .ARM.Collect$$$$00002712  mc_w.l(entry2.o)
    0x08000148   0x08000148   0x00000024   Code   RO            4    .text               startup_stm32f103xe.o
    0x0800016c   0x0800016c   0x00000024   Code   RO         3461    .text               mc_w.l(memcpya.o)
    0x08000190   0x08000190   0x0000000e   Code   RO         3463    .text               mc_w.l(strlen.o)
    0x0800019e   0x0800019e   0x00000002   PAD
    0x080001a0   0x080001a0   0x00000020   Code   RO         3488    .text               mc_w.l(cpp_init.o)
    0x080001c0   0x080001c0   0x00000024   Code   RO         3532    .text               mc_w.l(init.o)
    0x080001e4   0x080001e4   0x00000002   Code   RO         2717    i.BusFault_Handler  stm32f1xx_it.o
    0x080001e6   0x080001e6   0x00000002   PAD
    0x080001e8   0x080001e8   0x0000000c   Code   RO         2718    i.DMA1_Channel4_IRQHandler  stm32f1xx_it.o
    0x080001f4   0x080001f4   0x0000000c   Code   RO         2719    i.DMA1_Channel5_IRQHandler  stm32f1xx_it.o
    0x08000200   0x08000200   0x00000002   Code   RO         2720    i.DebugMon_Handler  stm32f1xx_it.o
    0x08000202   0x08000202   0x00000002   PAD
    0x08000204   0x08000204   0x00000130   Code   RO          857    i.HAL_DMA_Abort_IT  stm32f1xx_hal_dma.o
    0x08000334   0x08000334   0x00000248   Code   RO          861    i.HAL_DMA_IRQHandler  stm32f1xx_hal_dma.o
    0x0800057c   0x0800057c   0x00000084   Code   RO          862    i.HAL_DMA_Init      stm32f1xx_hal_dma.o
    0x08000600   0x08000600   0x00000070   Code   RO          865    i.HAL_DMA_Start_IT  stm32f1xx_hal_dma.o
    0x08000670   0x08000670   0x00000024   Code   RO         1822    i.HAL_Delay         stm32f1xx_hal.o
    0x08000694   0x08000694   0x000001e8   Code   RO          233    i.HAL_GPIO_Init     stm32f1xx_hal_gpio.o
    0x0800087c   0x0800087c   0x0000000c   Code   RO         1826    i.HAL_GetTick       stm32f1xx_hal.o
    0x08000888   0x08000888   0x00000010   Code   RO         1830    i.HAL_IncTick       stm32f1xx_hal.o
    0x08000898   0x08000898   0x00000024   Code   RO         1831    i.HAL_Init          stm32f1xx_hal.o
    0x080008bc   0x080008bc   0x00000040   Code   RO         1832    i.HAL_InitTick      stm32f1xx_hal.o
    0x080008fc   0x080008fc   0x00000080   Code   RO         2647    i.HAL_MspInit       stm32f1xx_hal_msp.o
    0x0800097c   0x0800097c   0x00000016   Code   RO          725    i.HAL_NVIC_EnableIRQ  stm32f1xx_hal_cortex.o
    0x08000992   0x08000992   0x00000002   PAD
    0x08000994   0x08000994   0x00000040   Code   RO          731    i.HAL_NVIC_SetPriority  stm32f1xx_hal_cortex.o
    0x080009d4   0x080009d4   0x00000024   Code   RO          732    i.HAL_NVIC_SetPriorityGrouping  stm32f1xx_hal_cortex.o
    0x080009f8   0x080009f8   0x00000154   Code   RO          965    i.HAL_RCC_ClockConfig  stm32f1xx_hal_rcc.o
    0x08000b4c   0x08000b4c   0x0000000c   Code   RO          970    i.HAL_RCC_GetHCLKFreq  stm32f1xx_hal_rcc.o
    0x08000b58   0x08000b58   0x00000020   Code   RO          972    i.HAL_RCC_GetPCLK1Freq  stm32f1xx_hal_rcc.o
    0x08000b78   0x08000b78   0x00000020   Code   RO          973    i.HAL_RCC_GetPCLK2Freq  stm32f1xx_hal_rcc.o
    0x08000b98   0x08000b98   0x0000006c   Code   RO          974    i.HAL_RCC_GetSysClockFreq  stm32f1xx_hal_rcc.o
    0x08000c04   0x08000c04   0x00000304   Code   RO          977    i.HAL_RCC_OscConfig  stm32f1xx_hal_rcc.o
    0x08000f08   0x08000f08   0x00000018   Code   RO          734    i.HAL_SYSTICK_CLKSourceConfig  stm32f1xx_hal_cortex.o
    0x08000f20   0x08000f20   0x00000002   Code   RO          735    i.HAL_SYSTICK_Callback  stm32f1xx_hal_cortex.o
    0x08000f22   0x08000f22   0x00000028   Code   RO          736    i.HAL_SYSTICK_Config  stm32f1xx_hal_cortex.o
    0x08000f4a   0x08000f4a   0x00000008   Code   RO          737    i.HAL_SYSTICK_IRQHandler  stm32f1xx_hal_cortex.o
    0x08000f52   0x08000f52   0x00000050   Code   RO         2131    i.HAL_TIMEx_MasterConfigSynchronization  stm32f1xx_hal_tim_ex.o
    0x08000fa2   0x08000fa2   0x00000036   Code   RO         1082    i.HAL_TIM_Base_Init  stm32f1xx_hal_tim.o
    0x08000fd8   0x08000fd8   0x00000024   Code   RO         2673    i.HAL_TIM_Base_MspInit  tim.o
    0x08000ffc   0x08000ffc   0x0000001a   Code   RO         1085    i.HAL_TIM_Base_Start  stm32f1xx_hal_tim.o
    0x08001016   0x08001016   0x000000f2   Code   RO         1091    i.HAL_TIM_ConfigClockSource  stm32f1xx_hal_tim.o
    0x08001108   0x08001108   0x00000002   Code   RO          364    i.HAL_UART_ErrorCallback  stm32f1xx_hal_uart.o
    0x0800110a   0x0800110a   0x00000002   PAD
    0x0800110c   0x0800110c   0x00000110   Code   RO          367    i.HAL_UART_IRQHandler  stm32f1xx_hal_uart.o
    0x0800121c   0x0800121c   0x00000062   Code   RO          368    i.HAL_UART_Init     stm32f1xx_hal_uart.o
    0x0800127e   0x0800127e   0x00000002   PAD
    0x08001280   0x08001280   0x000000e8   Code   RO         2849    i.HAL_UART_MspInit  usart.o
    0x08001368   0x08001368   0x00000098   Code   RO          372    i.HAL_UART_Receive_DMA  stm32f1xx_hal_uart.o
    0x08001400   0x08001400   0x0000000c   Code   RO         2893    i.HAL_UART_RxCpltCallback  mainpp.o
    0x0800140c   0x0800140c   0x00000002   Code   RO          375    i.HAL_UART_RxHalfCpltCallback  stm32f1xx_hal_uart.o
    0x0800140e   0x0800140e   0x00000002   PAD
    0x08001410   0x08001410   0x00000080   Code   RO          377    i.HAL_UART_Transmit_DMA  stm32f1xx_hal_uart.o
    0x08001490   0x08001490   0x0000000c   Code   RO         2894    i.HAL_UART_TxCpltCallback  mainpp.o
    0x0800149c   0x0800149c   0x00000002   Code   RO          380    i.HAL_UART_TxHalfCpltCallback  stm32f1xx_hal_uart.o
    0x0800149e   0x0800149e   0x00000002   Code   RO         2721    i.HardFault_Handler  stm32f1xx_it.o
    0x080014a0   0x080014a0   0x0000003c   Code   RO         2622    i.MX_DMA_Init       dma.o
    0x080014dc   0x080014dc   0x0000001c   Code   RO         2823    i.MX_GPIO_Init      gpio.o
    0x080014f8   0x080014f8   0x00000070   Code   RO         2674    i.MX_TIM2_Init      tim.o
    0x08001568   0x08001568   0x0000004c   Code   RO         2850    i.MX_USART1_UART_Init  usart.o
    0x080015b4   0x080015b4   0x00000002   Code   RO         2722    i.MemManage_Handler  stm32f1xx_it.o
    0x080015b6   0x080015b6   0x00000002   Code   RO         2723    i.NMI_Handler       stm32f1xx_it.o
    0x080015b8   0x080015b8   0x00000002   Code   RO         2724    i.PendSV_Handler    stm32f1xx_it.o
    0x080015ba   0x080015ba   0x00000002   Code   RO         2725    i.SVC_Handler       stm32f1xx_it.o
    0x080015bc   0x080015bc   0x0000000e   Code   RO         2726    i.SysTick_Handler   stm32f1xx_it.o
    0x080015ca   0x080015ca   0x00000002   PAD
    0x080015cc   0x080015cc   0x00000048   Code   RO         2527    i.SystemInit        system_stm32f1xx.o
    0x08001614   0x08001614   0x0000008c   Code   RO         1166    i.TIM_Base_SetConfig  stm32f1xx_hal_tim.o
    0x080016a0   0x080016a0   0x0000000c   Code   RO         2727    i.USART1_IRQHandler  stm32f1xx_it.o
    0x080016ac   0x080016ac   0x00000002   Code   RO         2728    i.UsageFault_Handler  stm32f1xx_it.o
    0x080016ae   0x080016ae   0x00000002   Code   RO         2566    i._Error_Handler    main.o
    0x080016b0   0x080016b0   0x0000002a   Code   RO          867    i._Z13DMA_SetConfigP19__DMA_HandleTypeDefjjj  stm32f1xx_hal_dma.o
    0x080016da   0x080016da   0x0000004a   Code   RO          381    i._Z13UART_DMAErrorP19__DMA_HandleTypeDef  stm32f1xx_hal_uart.o
    0x08001724   0x08001724   0x00000170   Code   RO          382    i._Z14UART_SetConfigP18UART_HandleTypeDef  stm32f1xx_hal_uart.o
    0x08001894   0x08001894   0x00000096   Code   RO          383    i._Z15UART_Receive_ITP18UART_HandleTypeDef  stm32f1xx_hal_uart.o
    0x0800192a   0x0800192a   0x00000020   Code   RO          738    i._Z16NVIC_SetPriority9IRQn_Typej  stm32f1xx_hal_cortex.o
    0x0800194a   0x0800194a   0x00000062   Code   RO          384    i._Z16UART_Transmit_ITP18UART_HandleTypeDef  stm32f1xx_hal_uart.o
    0x080019ac   0x080019ac   0x0000001c   Code   RO         2895    i._Z16command_callbackRKN8std_msgs6StringE  mainpp.o
    0x080019c8   0x080019c8   0x00000014   Code   RO         1173    i._Z17TIM_ETR_SetConfigP11TIM_TypeDefjjj  stm32f1xx_hal_tim.o
    0x080019dc   0x080019dc   0x00000066   Code   RO         2567    i._Z18SystemClock_Configv  main.o
    0x08001a42   0x08001a42   0x00000010   Code   RO         1179    i._Z18TIM_ITRx_SetConfigP11TIM_TypeDeft  stm32f1xx_hal_tim.o
    0x08001a52   0x08001a52   0x0000000a   Code   RO          385    i._Z18UART_DMARxHalfCpltP19__DMA_HandleTypeDef  stm32f1xx_hal_uart.o
    0x08001a5c   0x08001a5c   0x0000000a   Code   RO          386    i._Z18UART_DMATxHalfCpltP19__DMA_HandleTypeDef  stm32f1xx_hal_uart.o
    0x08001a66   0x08001a66   0x0000001c   Code   RO          387    i._Z18UART_EndRxTransferP18UART_HandleTypeDef  stm32f1xx_hal_uart.o
    0x08001a82   0x08001a82   0x00000012   Code   RO          388    i._Z18UART_EndTxTransferP18UART_HandleTypeDef  stm32f1xx_hal_uart.o
    0x08001a94   0x08001a94   0x0000003c   Code   RO          389    i._Z19UART_DMAReceiveCpltP19__DMA_HandleTypeDef  stm32f1xx_hal_uart.o
    0x08001ad0   0x08001ad0   0x00000010   Code   RO          390    i._Z20UART_DMAAbortOnErrorP19__DMA_HandleTypeDef  stm32f1xx_hal_uart.o
    0x08001ae0   0x08001ae0   0x0000002e   Code   RO          391    i._Z20UART_DMATransmitCpltP19__DMA_HandleTypeDef  stm32f1xx_hal_uart.o
    0x08001b0e   0x08001b0e   0x00000022   Code   RO         1182    i._Z24TIM_TI1_ConfigInputStageP11TIM_TypeDefjj  stm32f1xx_hal_tim.o
    0x08001b30   0x08001b30   0x00000024   Code   RO         1183    i._Z24TIM_TI2_ConfigInputStageP11TIM_TypeDefjj  stm32f1xx_hal_tim.o
    0x08001b54   0x08001b54   0x0000000e   Code   RO         2991    i._ZN13STM32Hardware10reset_rbufEv  mainpp.o
    0x08001b62   0x08001b62   0x00000002   PAD
    0x08001b64   0x08001b64   0x00000054   Code   RO         2960    i._ZN13STM32Hardware5flushEv  mainpp.o
    0x08001bb8   0x08001bb8   0x000000ec   Code   RO         2966    i._ZN14rosserial_msgs20RequestParamResponse11deserializeEPh  mainpp.o
    0x08001ca4   0x08001ca4   0x00000008   Code   RO         3160    i._ZN14rosserial_msgs20RequestParamResponse6getMD5Ev  mainpp.o
    0x08001cac   0x08001cac   0x00000008   Code   RO         3154    i._ZN14rosserial_msgs20RequestParamResponse7getTypeEv  mainpp.o
    0x08001cb4   0x08001cb4   0x00000008   Code   RO         3188    i._ZN14rosserial_msgs3Log6getMD5Ev  mainpp.o
    0x08001cbc   0x08001cbc   0x00000008   Code   RO         3182    i._ZN14rosserial_msgs3Log7getTypeEv  mainpp.o
    0x08001cc4   0x08001cc4   0x00000008   Code   RO         3142    i._ZN14rosserial_msgs9TopicInfo6getMD5Ev  mainpp.o
    0x08001ccc   0x08001ccc   0x00000008   Code   RO         3136    i._ZN14rosserial_msgs9TopicInfo7getTypeEv  mainpp.o
    0x08001cd4   0x08001cd4   0x00000020   Code   RO         3313    i._ZN3ros16normalizeSecNSecERmS0_  time.o
    0x08001cf4   0x08001cf4   0x0000003e   Code   RO         2972    i._ZN8std_msgs4Time11deserializeEPh  mainpp.o
    0x08001d32   0x08001d32   0x00000002   PAD
    0x08001d34   0x08001d34   0x00000008   Code   RO         3112    i._ZN8std_msgs4Time6getMD5Ev  mainpp.o
    0x08001d3c   0x08001d3c   0x00000008   Code   RO         3106    i._ZN8std_msgs4Time7getTypeEv  mainpp.o
    0x08001d44   0x08001d44   0x00000010   Code   RO         2997    i._ZN8std_msgs4TimeC1Ev  mainpp.o
    0x08001d54   0x08001d54   0x0000002c   Code   RO         2985    i._ZN8std_msgs6String11deserializeEPh  mainpp.o
    0x08001d80   0x08001d80   0x00000008   Code   RO         3082    i._ZN8std_msgs6String6getMD5Ev  mainpp.o
    0x08001d88   0x08001d88   0x00000008   Code   RO         3070    i._ZN8std_msgs6String7getTypeEv  mainpp.o
    0x08001d90   0x08001d90   0x000000bc   Code   RO         3148    i._ZNK14rosserial_msgs20RequestParamResponse9serializeEPh  mainpp.o
    0x08001e4c   0x08001e4c   0x00000024   Code   RO         3170    i._ZNK14rosserial_msgs3Log9serializeEPh  mainpp.o
    0x08001e70   0x08001e70   0x00000076   Code   RO         3124    i._ZNK14rosserial_msgs9TopicInfo9serializeEPh  mainpp.o
    0x08001ee6   0x08001ee6   0x00000032   Code   RO         3100    i._ZNK8std_msgs4Time9serializeEPh  mainpp.o
    0x08001f18   0x08001f18   0x0000001e   Code   RO         3118    i._ZNK8std_msgs6String9serializeEPh  mainpp.o
    0x08001f36   0x08001f36   0x00000002   PAD
    0x08001f38   0x08001f38   0x0000005c   Code   RO         3467    i.__free$realloc    mc_w.l(mallocr.o)
    0x08001f94   0x08001f94   0x00000050   Code   RO         3468    i.__malloc$realloc  mc_w.l(mallocr.o)
    0x08001fe4   0x08001fe4   0x0000000e   Code   RO         3554    i.__scatterload_copy  mc_w.l(handlers.o)
    0x08001ff2   0x08001ff2   0x00000002   Code   RO         3555    i.__scatterload_null  mc_w.l(handlers.o)
    0x08001ff4   0x08001ff4   0x0000000e   Code   RO         3556    i.__scatterload_zeroinit  mc_w.l(handlers.o)
    0x08002002   0x08002002   0x00000002   PAD
    0x08002004   0x08002004   0x00000064   Code   RO         2896    i.__sti___10_mainpp_cpp_nh  mainpp.o
    0x08002068   0x08002068   0x00000050   Code   RO         3469    i.internal_alloc    mc_w.l(mallocr.o)
    0x080020b8   0x080020b8   0x00000018   Code   RO         2897    i.loop              mainpp.o
    0x080020d0   0x080020d0   0x00000022   Code   RO         2568    i.main              main.o
    0x080020f2   0x080020f2   0x00000002   PAD
    0x080020f4   0x080020f4   0x0000006c   Code   RO         3470    i.realloc           mc_w.l(mallocr.o)
    0x08002160   0x08002160   0x00000078   Code   RO         2898    i.setup             mainpp.o
    0x080021d8   0x080021d8   0x00000008   Code   RO         3076    t._ZN3ros10SubscriberIN8std_msgs6StringEE10getMsgTypeEv  mainpp.o
    0x080021e0   0x080021e0   0x00000004   Code   RO         3094    t._ZN3ros10SubscriberIN8std_msgs6StringEE15getEndpointTypeEv  mainpp.o
    0x080021e4   0x080021e4   0x00000016   Code   RO         3064    t._ZN3ros10SubscriberIN8std_msgs6StringEE8callbackEPh  mainpp.o
    0x080021fa   0x080021fa   0x00000002   PAD
    0x080021fc   0x080021fc   0x00000008   Code   RO         3088    t._ZN3ros10SubscriberIN8std_msgs6StringEE9getMsgMD5Ev  mainpp.o
    0x08002204   0x08002204   0x000000bc   Code   RO         3007    t._ZN3ros11NodeHandle_I13STM32HardwareLi25ELi25ELi512ELi512EE15negotiateTopicsEv  mainpp.o
    0x080022c0   0x080022c0   0x00000022   Code   RO         3000    t._ZN3ros11NodeHandle_I13STM32HardwareLi25ELi25ELi512ELi512EE15requestSyncTimeEv  mainpp.o
    0x080022e2   0x080022e2   0x00000002   PAD
    0x080022e4   0x080022e4   0x00000104   Code   RO         3057    t._ZN3ros11NodeHandle_I13STM32HardwareLi25ELi25ELi512ELi512EE7publishEiPKNS_3MsgE  mainpp.o
    0x080023e8   0x080023e8   0x0000028c   Code   RO         2978    t._ZN3ros11NodeHandle_I13STM32HardwareLi25ELi25ELi512ELi512EE8spinOnceEv  mainpp.o
    0x08002674   0x08002674   0x0000008c   Code   RO         3014    t._ZN3ros11NodeHandle_I13STM32HardwareLi25ELi25ELi512ELi512EEC1Ev  mainpp.o
    0x08002700   0x08002700   0x00000010   Data   RO         2530    .constdata          system_stm32f1xx.o
    0x08002710   0x08002710   0x00000008   Data   RO         2531    .constdata          system_stm32f1xx.o
    0x08002718   0x08002718   0x0000001c   Data   RO         2906    .constdata          mainpp.o
    0x08002734   0x08002734   0x00000018   Data   RO         3025    .constdata__ZTVN14rosserial_msgs20RequestParamResponseE  mainpp.o
    0x0800274c   0x0800274c   0x00000018   Data   RO         3167    .constdata__ZTVN14rosserial_msgs3LogE  mainpp.o
    0x08002764   0x08002764   0x00000018   Data   RO         3023    .constdata__ZTVN14rosserial_msgs9TopicInfoE  mainpp.o
    0x0800277c   0x0800277c   0x00000018   Data   RO         3031    .constdata__ZTVN3ros10SubscriberIN8std_msgs6StringEEE  mainpp.o
    0x08002794   0x08002794   0x00000014   Data   RO         3029    .constdata__ZTVN3ros11NodeHandle_I13STM32HardwareLi25ELi25ELi512ELi512EEE  mainpp.o
    0x080027a8   0x080027a8   0x00000018   Data   RO         3021    .constdata__ZTVN8std_msgs4TimeE  mainpp.o
    0x080027c0   0x080027c0   0x00000018   Data   RO         3027    .constdata__ZTVN8std_msgs6StringE  mainpp.o
    0x080027d8   0x080027d8   0x00000021   Data   RO         2956    .constdata__ZZN14rosserial_msgs20RequestParamResponse6getMD5EvEs  mainpp.o
    0x080027f9   0x080027f9   0x00000021   Data   RO         2955    .constdata__ZZN14rosserial_msgs3Log6getMD5EvEs  mainpp.o
    0x0800281a   0x0800281a   0x00000013   Data   RO         2954    .constdata__ZZN14rosserial_msgs3Log7getTypeEvEs  mainpp.o
    0x0800282d   0x0800282d   0x00000021   Data   RO         2953    .constdata__ZZN14rosserial_msgs9TopicInfo6getMD5EvEs  mainpp.o
    0x0800284e   0x0800284e   0x00000019   Data   RO         2952    .constdata__ZZN14rosserial_msgs9TopicInfo7getTypeEvEs  mainpp.o
    0x08002867   0x08002867   0x00000039   Data   RO         2959    .constdata__ZZN3ros11NodeHandle_I13STM32HardwareLi25ELi25ELi512ELi512EE7publishEiPKNS_3MsgEEs  mainpp.o
    0x080028a0   0x080028a0   0x00000021   Data   RO         2951    .constdata__ZZN8std_msgs4Time6getMD5EvEs  mainpp.o
    0x080028c1   0x080028c1   0x0000000e   Data   RO         2950    .constdata__ZZN8std_msgs4Time7getTypeEvEs  mainpp.o
    0x080028cf   0x080028cf   0x00000021   Data   RO         2958    .constdata__ZZN8std_msgs6String6getMD5EvEs  mainpp.o
    0x080028f0   0x080028f0   0x00000010   Data   RO         2957    .constdata__ZZN8std_msgs6String7getTypeEvEs  mainpp.o
    0x08002900   0x08002900   0x00000020   Data   RO         3552    Region$$Table       anon$$obj.o
    0x08002920   0x08002920   0x00000004   Data   RO         2908    .init_array         mainpp.o
    0x08002924   0x08002920   0x00000000   Data   RO         3486    .init_array         mc_w.l(cpp_init.o)


    Execution Region RW_IRAM1 (Exec base: 0x20000000, Load base: 0x08002924, Size: 0x00000e18, Max: 0x00010000, ABSOLUTE)

    Exec Addr    Load Addr    Size         Type   Attr      Idx    E Section Name        Object

    0x20000000   0x08002924   0x0000000c   Data   RW         1861    .data               stm32f1xx_hal.o
    0x2000000c   0x08002930   0x00000004   Data   RW         2532    .data               system_stm32f1xx.o
    0x20000010   0x08002934   0x00000008   Data   RW         2907    .data               mainpp.o
    0x20000018   0x0800293c   0x00000004   Data   RW         3517    .data               mc_w.l(mvars.o)
    0x2000001c   0x08002940   0x00000004   Data   RW         3518    .data               mc_w.l(mvars.o)
    0x20000020   0x08002944   0x00000001   Data   RW         3032    .data__ZZN13STM32Hardware5flushEvE5mutex  mainpp.o
    0x20000021   0x08002945   0x00000003   PAD
    0x20000024        -       0x00000040   Zero   RW         2678    .bss                tim.o
    0x20000064        -       0x000000c8   Zero   RW         2854    .bss                usart.o
    0x2000012c        -       0x000006ec   Zero   RW         2905    .bss                mainpp.o
    0x20000818        -       0x00000200   Zero   RW            2    HEAP                startup_stm32f103xe.o
    0x20000a18        -       0x00000400   Zero   RW            1    STACK               startup_stm32f103xe.o


==============================================================================

Image component sizes


      Code (inc. data)   RO Data    RW Data    ZI Data      Debug   Object Name

        60          4          0          0          0        710   dma.o
        28          6          0          0          0        687   gpio.o
       138          0          0          0          0       1877   main.o
      2570        176        492          9       1772      38783   mainpp.o
        36          8        304          0       1536        772   startup_stm32f103xe.o
       164         28          0         12          0       3669   stm32f1xx_hal.o
       228         14          0          0          0      27157   stm32f1xx_hal_cortex.o
      1174         52          0          0          0       4314   stm32f1xx_hal_dma.o
         0          0          0          0          0     477300   stm32f1xx_hal_flash_ex.o
       488         42          0          0          0       2232   stm32f1xx_hal_gpio.o
       128         10          0          0          0        838   stm32f1xx_hal_msp.o
      1296        102          0          0          0       5472   stm32f1xx_hal_rcc.o
       568         20          0          0          0       6230   stm32f1xx_hal_tim.o
        80          0          0          0          0       1240   stm32f1xx_hal_tim_ex.o
      1534         38          0          0          0      11594   stm32f1xx_hal_uart.o
        66         18          0          0          0       4788   stm32f1xx_it.o
        72         16         24          4          0       1099   system_stm32f1xx.o
       148         28          0          0         64       1474   tim.o
        32          4          0          0          0        875   time.o
       308         62          0          0        200       1740   usart.o

    ----------------------------------------------------------------------
      9144        628        852         28       3572     592851   Object Totals
         0          0         32          0          0          0   (incl. Generated)
        26          0          0          3          0          0   (incl. Padding)

    ----------------------------------------------------------------------

      Code (inc. data)   RO Data    RW Data    ZI Data      Debug   Library Member Name

        32         10          0          0          0         80   cpp_init.o
         0          0          0          0          0          0   entry.o
         0          0          0          0          0          0   entry10a.o
         0          0          0          0          0          0   entry11a.o
         8          4          0          0          0          0   entry2.o
         4          0          0          0          0          0   entry5.o
         0          0          0          0          0          0   entry7b.o
         4          0          0          0          0          0   entry8a.o
         0          0          0          0          0          0   entry8b.o
         8          4          0          0          0          0   entry9a.o
        30          0          0          0          0          0   handlers.o
        36          8          0          0          0         68   init.o
       360         30          0          0          0        356   mallocr.o
        36          0          0          0          0         68   memcpya.o
         0          0          0          8          0          0   mvars.o
        14          0          0          0          0         68   strlen.o

    ----------------------------------------------------------------------
       536         56          0          8          0        640   Library Totals
         4          0          0          0          0          0   (incl. Padding)

    ----------------------------------------------------------------------

      Code (inc. data)   RO Data    RW Data    ZI Data      Debug   Library Name

       532         56          0          8          0        640   mc_w.l

    ----------------------------------------------------------------------
       536         56          0          8          0        640   Library Totals

    ----------------------------------------------------------------------

==============================================================================


      Code (inc. data)   RO Data    RW Data    ZI Data      Debug   

      9680        684        852         36       3572     587819   Grand Totals
      9680        684        852         36       3572     587819   ELF Image Totals
      9680        684        852         36          0          0   ROM Totals

==============================================================================

    Total RO  Size (Code + RO Data)                10532 (  10.29kB)
    Total RW  Size (RW Data + ZI Data)              3608 (   3.52kB)
    Total ROM Size (Code + RO Data + RW Data)      10568 (  10.32kB)

==============================================================================

